../STM32_WPAN/App/custom_app.c:89:6:myTask	8	static
../STM32_WPAN/App/custom_app.c:105:6:Custom_STM_App_Notification	16	static
../STM32_WPAN/App/custom_app.c:165:6:Custom_APP_Notification	16	static
../STM32_WPAN/App/custom_app.c:202:6:Custom_APP_Init	4	static
../STM32_WPAN/App/custom_app.c:221:6:Custom_Vgsicharwrite_Update_Char	16	static
../STM32_WPAN/App/custom_app.c:240:6:Custom_Vgsicharwrite_Send_Notification	16	static
../STM32_WPAN/App/custom_app.c:260:6:Custom_Vgsizeitread_Update_Char	16	static
../STM32_WPAN/App/custom_app.c:279:6:Custom_Vgsizeitread_Send_Notification	16	static
