../Drivers/STM32WBxx_HAL_Driver/Inc/stm32wbxx_ll_bus.h:539:22:LL_AHB2_GRP1_EnableClock	8	static
C:/Users/mrhuy/Documents/EMS Project/VGSI_Zeit_Elevator_Monitoring_System_NEW/Drivers/CAN_SPI_MCP2515/CAN_TxRx.c:5:6:readDataBuffers	16	static
../Core/Src/main.c:341:6:SystemClock_Config	112	static,ignoring_inline_asm
../Core/Src/main.c:395:6:PeriphCommonClock_Config	88	static,ignoring_inline_asm
../Core/Src/main.c:606:6:MX_USART1_UART_Init	8	static,ignoring_inline_asm
../Core/Src/main.c:740:5:SW2_CloseButton_Scan	16	static
../Core/Src/main.c:785:5:SW3_OpenButton_Scan	16	static
../Core/Src/main.c:174:5:main	40	static,ignoring_inline_asm
../Core/Src/main.c:847:6:Error_Handler	0	static,ignoring_inline_asm
