../Drivers/STM32WBxx_HAL_Driver/Inc/stm32wbxx_ll_bus.h:539:22:LL_AHB2_GRP1_EnableClock	8	static
../Core/Src/stm32wbxx_hal_msp.c:66:6:HAL_MspInit	16	static
../Core/Src/stm32wbxx_hal_msp.c:92:6:HAL_IPCC_MspInit	16	static
../Core/Src/stm32wbxx_hal_msp.c:119:6:HAL_IPCC_MspDeInit	8	static
../Core/Src/stm32wbxx_hal_msp.c:145:6:HAL_RTC_MspInit	96	static
../Core/Src/stm32wbxx_hal_msp.c:182:6:HAL_RTC_MspDeInit	0	static
../Core/Src/stm32wbxx_hal_msp.c:208:6:HAL_SPI_MspInit	40	static
../Core/Src/stm32wbxx_hal_msp.c:276:6:HAL_SPI_MspDeInit	8	static
../Core/Src/stm32wbxx_hal_msp.c:329:6:HAL_UART_MspInit	128	static
../Core/Src/stm32wbxx_hal_msp.c:422:6:HAL_UART_MspDeInit	8	static
