../Drivers/CAN_SPI_MCP2515/mcp2515.c:19:13:SPI1_Tx	16	static
../Drivers/CAN_SPI_MCP2515/mcp2515.c:136:13:SPI2_Tx	16	static
../Drivers/CAN_SPI_MCP2515/mcp2515.c:32:6:MCP2515_SPI1_Reset	8	static
../Drivers/CAN_SPI_MCP2515/mcp2515.c:41:6:MCP2515_SPI1_ReadReg	24	static
../Drivers/CAN_SPI_MCP2515/mcp2515.c:51:6:MCP2515_SPI1_WriteReg	16	static
../Drivers/CAN_SPI_MCP2515/mcp2515.c:61:6:MCP2515_SPI1_RegModify	16	static
../Drivers/CAN_SPI_MCP2515/mcp2515.c:70:6:MCP2515_SPI1_RateConfig	8	static
../Drivers/CAN_SPI_MCP2515/mcp2515.c:77:6:MCP2515_SPI1_AddrReset	16	static
../Drivers/CAN_SPI_MCP2515/mcp2515.c:89:6:MCP2515_SPI1_CanInit	8	static
../Drivers/CAN_SPI_MCP2515/mcp2515.c:101:6:MCP2515_SPI1_GetRxStatus	8	static
../Drivers/CAN_SPI_MCP2515/mcp2515.c:109:6:MCP2515_SPI1_ReadStatus	16	static
../Drivers/CAN_SPI_MCP2515/mcp2515.c:117:6:MCP2515_SPI1_LoadTxBuffer	16	static
../Drivers/CAN_SPI_MCP2515/mcp2515.c:126:6:MCP2515_SPI1_RequestToSend	8	static
../Drivers/CAN_SPI_MCP2515/mcp2515.c:149:6:MCP2515_SPI2_Reset	8	static
../Drivers/CAN_SPI_MCP2515/mcp2515.c:158:6:MCP2515_SPI2_ReadReg	24	static
../Drivers/CAN_SPI_MCP2515/mcp2515.c:168:6:MCP2515_SPI2_WriteReg	16	static
../Drivers/CAN_SPI_MCP2515/mcp2515.c:178:6:MCP2515_SPI2_RegModify	24	static
../Drivers/CAN_SPI_MCP2515/mcp2515.c:187:6:MCP2515_SPI2_RateConfig	8	static
../Drivers/CAN_SPI_MCP2515/mcp2515.c:194:6:MCP2515_SPI2_AddrReset	24	static
../Drivers/CAN_SPI_MCP2515/mcp2515.c:207:6:MCP2515_SPI2_CanInit	8	static
../Drivers/CAN_SPI_MCP2515/mcp2515.c:219:6:MCP2515_SPI2_GetRxStatus	16	static
../Drivers/CAN_SPI_MCP2515/mcp2515.c:227:6:MCP2515_SPI2_ReadStatus	24	static
../Drivers/CAN_SPI_MCP2515/mcp2515.c:235:6:MCP2515_SPI2_LoadTxBuffer	16	static
../Drivers/CAN_SPI_MCP2515/mcp2515.c:244:6:MCP2515_SPI2_RequestToSend	16	static
