../Drivers/STM32WBxx_HAL_Driver/Inc/stm32wbxx_ll_rcc.h:1679:22:LL_RCC_LSE_SetDriveCapability	16	static
../Drivers/STM32WBxx_HAL_Driver/Inc/stm32wbxx_ll_bus.h:364:22:LL_AHB1_GRP1_EnableClock	24	static
../Drivers/STM32WBxx_HAL_Driver/Inc/stm32wbxx_ll_bus.h:539:22:LL_AHB2_GRP1_EnableClock	24	static
../Core/Src/main.c:174:5:main	8	static
../Core/Src/main.c:336:6:SystemClock_Config	112	static
../Core/Src/main.c:390:6:PeriphCommonClock_Config	88	static
../Core/Src/main.c:416:13:MX_IPCC_Init	8	static
../Core/Src/main.c:445:13:MX_RF_Init	4	static
../Core/Src/main.c:469:13:MX_RTC_Init	8	static
../Core/Src/main.c:515:13:MX_SPI1_Init	8	static
../Core/Src/main.c:558:13:MX_SPI2_Init	8	static
../Core/Src/main.c:601:6:MX_USART1_UART_Init	8	static
../Core/Src/main.c:650:13:MX_DMA_Init	8	static
../Core/Src/main.c:672:13:MX_GPIO_Init	32	static
../Core/Src/main.c:735:5:SW2_CloseButton_Scan	16	static
../Core/Src/main.c:780:5:SW3_OpenButton_Scan	16	static
../Core/Src/main.c:842:6:Error_Handler	4	static,ignoring_inline_asm
