../Drivers/STM32WBxx_HAL_Driver/Inc/stm32wbxx_ll_rcc.h:1679:22:LL_RCC_LSE_SetDriveCapability	16	static
../Drivers/STM32WBxx_HAL_Driver/Inc/stm32wbxx_ll_bus.h:364:22:LL_AHB1_GRP1_EnableClock	24	static
../Drivers/STM32WBxx_HAL_Driver/Inc/stm32wbxx_ll_bus.h:539:22:LL_AHB2_GRP1_EnableClock	24	static
../Core/Src/main.c:176:5:main	8	static
../Core/Src/main.c:285:6:SystemClock_Config	112	static
../Core/Src/main.c:339:6:PeriphCommonClock_Config	88	static
../Core/Src/main.c:365:13:MX_IPCC_Init	8	static
../Core/Src/main.c:394:13:MX_RF_Init	4	static
../Core/Src/main.c:418:13:MX_RTC_Init	8	static
../Core/Src/main.c:464:13:MX_SPI1_Init	8	static
../Core/Src/main.c:507:13:MX_SPI2_Init	8	static
../Core/Src/main.c:550:6:MX_USART1_UART_Init	8	static
../Core/Src/main.c:599:13:MX_DMA_Init	8	static
../Core/Src/main.c:621:13:MX_GPIO_Init	32	static
../Core/Src/main.c:684:5:SW2_CloseButton_Scan	16	static
../Core/Src/main.c:729:5:SW3_OpenButton_Scan	16	static
../Core/Src/main.c:791:6:Error_Handler	4	static,ignoring_inline_asm
