../Drivers/CAN_SPI_MCP2515/CAN_TxRx.c:33:6:Read_CAN_ID	8	static
../Drivers/CAN_SPI_MCP2515/CAN_TxRx.c:39:6:Read_CAN2_ID	8	static
../Drivers/CAN_SPI_MCP2515/CAN_TxRx.c:45:6:Read_TXdata	32	static
../Drivers/CAN_SPI_MCP2515/CAN_TxRx.c:77:6:Read_RXdata	40	static
../Drivers/CAN_SPI_MCP2515/CAN_TxRx.c:162:6:Read_Slave1_RXdata	48	static
../Drivers/CAN_SPI_MCP2515/CAN_TxRx.c:244:6:getEMStime_Master	4	static
../Drivers/CAN_SPI_MCP2515/CAN_TxRx.c:253:6:getEMStime_Slave1	4	static
../Drivers/CAN_SPI_MCP2515/CAN_TxRx.c:262:6:Send_RXdata	32	static
../Drivers/CAN_SPI_MCP2515/CAN_TxRx.c:325:6:Send_CloseDoor	16	static
../Drivers/CAN_SPI_MCP2515/CAN_TxRx.c:331:6:Send_OpenDoor	16	static
