../Drivers/CAN_SPI_MCP2515/mcp2515.c:19:13:SPI1_Tx	16	static
../Drivers/CAN_SPI_MCP2515/mcp2515.c:25:16:SPI1_Rx	16	static
../Drivers/CAN_SPI_MCP2515/mcp2515.c:33:6:MCP2515_SPI1_Reset	8	static
../Drivers/CAN_SPI_MCP2515/mcp2515.c:43:6:MCP2515_SPI1_ReadReg	24	static
../Drivers/CAN_SPI_MCP2515/mcp2515.c:54:6:MCP2515_SPI1_WriteReg	16	static
../Drivers/CAN_SPI_MCP2515/mcp2515.c:65:6:MCP2515_SPI1_RegModify	16	static
../Drivers/CAN_SPI_MCP2515/mcp2515.c:75:6:MCP2515_SPI1_RateConfig	8	static
../Drivers/CAN_SPI_MCP2515/mcp2515.c:83:6:MCP2515_SPI1_AddrReset	16	static
../Drivers/CAN_SPI_MCP2515/mcp2515.c:97:6:MCP2515_SPI1_CanInit	8	static
../Drivers/CAN_SPI_MCP2515/mcp2515.c:109:6:MCP2515_SPI1_GetRxStatus	16	static
../Drivers/CAN_SPI_MCP2515/mcp2515.c:117:6:MCP2515_SPI1_ReadStatus	16	static
../Drivers/CAN_SPI_MCP2515/mcp2515.c:125:6:MCP2515_SPI1_LoadTxBuffer	16	static
../Drivers/CAN_SPI_MCP2515/mcp2515.c:134:6:MCP2515_SPI1_RequestToSend	16	static
../Drivers/CAN_SPI_MCP2515/mcp2515.c:144:13:SPI2_Tx	16	static
../Drivers/CAN_SPI_MCP2515/mcp2515.c:150:16:SPI2_Rx	16	static
../Drivers/CAN_SPI_MCP2515/mcp2515.c:157:6:MCP2515_SPI2_Reset	8	static
../Drivers/CAN_SPI_MCP2515/mcp2515.c:166:6:MCP2515_SPI2_ReadReg	24	static
../Drivers/CAN_SPI_MCP2515/mcp2515.c:176:6:MCP2515_SPI2_WriteReg	16	static
../Drivers/CAN_SPI_MCP2515/mcp2515.c:186:6:MCP2515_SPI2_RegModify	16	static
../Drivers/CAN_SPI_MCP2515/mcp2515.c:195:6:MCP2515_SPI2_RateConfig	8	static
../Drivers/CAN_SPI_MCP2515/mcp2515.c:202:6:MCP2515_SPI2_AddrReset	16	static
../Drivers/CAN_SPI_MCP2515/mcp2515.c:215:6:MCP2515_SPI2_CanInit	8	static
../Drivers/CAN_SPI_MCP2515/mcp2515.c:227:6:MCP2515_SPI2_GetRxStatus	16	static
../Drivers/CAN_SPI_MCP2515/mcp2515.c:235:6:MCP2515_SPI2_ReadStatus	16	static
../Drivers/CAN_SPI_MCP2515/mcp2515.c:243:6:MCP2515_SPI2_LoadTxBuffer	16	static
../Drivers/CAN_SPI_MCP2515/mcp2515.c:252:6:MCP2515_SPI2_RequestToSend	16	static
