../Drivers/CAN_SPI_MCP2515/mcp2515.c:6:13:SPI_Tx	16	static
../Drivers/CAN_SPI_MCP2515/mcp2515.c:12:13:SPI_TxBuffer	16	static
../Drivers/CAN_SPI_MCP2515/mcp2515.c:18:16:SPI_Rx	16	static
../Drivers/CAN_SPI_MCP2515/mcp2515.c:26:13:SPI_RxBuffer	16	static
../Drivers/CAN_SPI_MCP2515/mcp2515.c:31:6:MCP2515_WriteByte	16	static
../Drivers/CAN_SPI_MCP2515/mcp2515.c:41:6:MCP2515_Reset	8	static
../Drivers/CAN_SPI_MCP2515/mcp2515.c:51:9:MCP2515_ReadByte	24	static
../Drivers/CAN_SPI_MCP2515/mcp2515.c:65:6:MCP2515_ReadReg	24	static
../Drivers/CAN_SPI_MCP2515/mcp2515.c:75:6:MCP2515_WriteReg	16	static
../Drivers/CAN_SPI_MCP2515/mcp2515.c:85:6:MCP2515_RegModify	16	static
../Drivers/CAN_SPI_MCP2515/mcp2515.c:94:6:MCP2515_RateConfig	8	static
../Drivers/CAN_SPI_MCP2515/mcp2515.c:113:6:MCP2515_AddrReset	16	static
../Drivers/CAN_SPI_MCP2515/mcp2515.c:125:6:MCP2515_CanInit	8	static
../Drivers/CAN_SPI_MCP2515/mcp2515.c:137:6:MCP2515_GetRxStatus	16	static
../Drivers/CAN_SPI_MCP2515/mcp2515.c:145:6:MCP2515_ReadStatus	16	static
../Drivers/CAN_SPI_MCP2515/mcp2515.c:153:6:MCP2515_LoadTxBuffer	16	static
../Drivers/CAN_SPI_MCP2515/mcp2515.c:162:6:MCP2515_RequestToSend	16	static
