Archive member included to satisfy reference by file (symbol)

c:/st/stm32cubeide_1.12.1/stm32cubeide/plugins/com.st.stm32cube.ide.mcu.externaltools.gnu-tools-for-stm32.10.3-2021.10.win32_1.0.200.202301161003/tools/bin/../lib/gcc/arm-none-eabi/10.3.1/../../../../arm-none-eabi/lib/thumb/v7e-m+fp/hard\libc_nano.a(lib_a-errno.o)
                              ./Core/Src/syscalls.o (__errno)
c:/st/stm32cubeide_1.12.1/stm32cubeide/plugins/com.st.stm32cube.ide.mcu.externaltools.gnu-tools-for-stm32.10.3-2021.10.win32_1.0.200.202301161003/tools/bin/../lib/gcc/arm-none-eabi/10.3.1/../../../../arm-none-eabi/lib/thumb/v7e-m+fp/hard\libc_nano.a(lib_a-exit.o)
                              c:/st/stm32cubeide_1.12.1/stm32cubeide/plugins/com.st.stm32cube.ide.mcu.externaltools.gnu-tools-for-stm32.10.3-2021.10.win32_1.0.200.202301161003/tools/bin/../lib/gcc/arm-none-eabi/10.3.1/../../../../arm-none-eabi/lib/thumb/v7e-m+fp/hard/crt0.o (exit)
c:/st/stm32cubeide_1.12.1/stm32cubeide/plugins/com.st.stm32cube.ide.mcu.externaltools.gnu-tools-for-stm32.10.3-2021.10.win32_1.0.200.202301161003/tools/bin/../lib/gcc/arm-none-eabi/10.3.1/../../../../arm-none-eabi/lib/thumb/v7e-m+fp/hard\libc_nano.a(lib_a-impure.o)
                              c:/st/stm32cubeide_1.12.1/stm32cubeide/plugins/com.st.stm32cube.ide.mcu.externaltools.gnu-tools-for-stm32.10.3-2021.10.win32_1.0.200.202301161003/tools/bin/../lib/gcc/arm-none-eabi/10.3.1/../../../../arm-none-eabi/lib/thumb/v7e-m+fp/hard\libc_nano.a(lib_a-exit.o) (_global_impure_ptr)
c:/st/stm32cubeide_1.12.1/stm32cubeide/plugins/com.st.stm32cube.ide.mcu.externaltools.gnu-tools-for-stm32.10.3-2021.10.win32_1.0.200.202301161003/tools/bin/../lib/gcc/arm-none-eabi/10.3.1/../../../../arm-none-eabi/lib/thumb/v7e-m+fp/hard\libc_nano.a(lib_a-init.o)
                              c:/st/stm32cubeide_1.12.1/stm32cubeide/plugins/com.st.stm32cube.ide.mcu.externaltools.gnu-tools-for-stm32.10.3-2021.10.win32_1.0.200.202301161003/tools/bin/../lib/gcc/arm-none-eabi/10.3.1/../../../../arm-none-eabi/lib/thumb/v7e-m+fp/hard/crt0.o (__libc_init_array)
c:/st/stm32cubeide_1.12.1/stm32cubeide/plugins/com.st.stm32cube.ide.mcu.externaltools.gnu-tools-for-stm32.10.3-2021.10.win32_1.0.200.202301161003/tools/bin/../lib/gcc/arm-none-eabi/10.3.1/../../../../arm-none-eabi/lib/thumb/v7e-m+fp/hard\libc_nano.a(lib_a-memcmp.o)
                              ./Middlewares/ST/STM32_WPAN/ble/core/template/osal.o (memcmp)
c:/st/stm32cubeide_1.12.1/stm32cubeide/plugins/com.st.stm32cube.ide.mcu.externaltools.gnu-tools-for-stm32.10.3-2021.10.win32_1.0.200.202301161003/tools/bin/../lib/gcc/arm-none-eabi/10.3.1/../../../../arm-none-eabi/lib/thumb/v7e-m+fp/hard\libc_nano.a(lib_a-memcpy-stub.o)
                              ./Middlewares/ST/STM32_WPAN/ble/core/template/osal.o (memcpy)
c:/st/stm32cubeide_1.12.1/stm32cubeide/plugins/com.st.stm32cube.ide.mcu.externaltools.gnu-tools-for-stm32.10.3-2021.10.win32_1.0.200.202301161003/tools/bin/../lib/gcc/arm-none-eabi/10.3.1/../../../../arm-none-eabi/lib/thumb/v7e-m+fp/hard\libc_nano.a(lib_a-memset.o)
                              c:/st/stm32cubeide_1.12.1/stm32cubeide/plugins/com.st.stm32cube.ide.mcu.externaltools.gnu-tools-for-stm32.10.3-2021.10.win32_1.0.200.202301161003/tools/bin/../lib/gcc/arm-none-eabi/10.3.1/../../../../arm-none-eabi/lib/thumb/v7e-m+fp/hard/crt0.o (memset)
c:/st/stm32cubeide_1.12.1/stm32cubeide/plugins/com.st.stm32cube.ide.mcu.externaltools.gnu-tools-for-stm32.10.3-2021.10.win32_1.0.200.202301161003/tools/bin/../lib/gcc/arm-none-eabi/10.3.1/../../../../arm-none-eabi/lib/thumb/v7e-m+fp/hard\libc_nano.a(lib_a-printf.o)
                              ./Middlewares/ST/STM32_WPAN/utilities/dbg_trace.o (printf)
c:/st/stm32cubeide_1.12.1/stm32cubeide/plugins/com.st.stm32cube.ide.mcu.externaltools.gnu-tools-for-stm32.10.3-2021.10.win32_1.0.200.202301161003/tools/bin/../lib/gcc/arm-none-eabi/10.3.1/../../../../arm-none-eabi/lib/thumb/v7e-m+fp/hard\libc_nano.a(lib_a-strrchr.o)
                              ./Middlewares/ST/STM32_WPAN/utilities/dbg_trace.o (strrchr)
c:/st/stm32cubeide_1.12.1/stm32cubeide/plugins/com.st.stm32cube.ide.mcu.externaltools.gnu-tools-for-stm32.10.3-2021.10.win32_1.0.200.202301161003/tools/bin/../lib/gcc/arm-none-eabi/10.3.1/../../../../arm-none-eabi/lib/thumb/v7e-m+fp/hard\libc_nano.a(lib_a-vprintf.o)
                              ./Middlewares/ST/STM32_WPAN/utilities/dbg_trace.o (vprintf)
c:/st/stm32cubeide_1.12.1/stm32cubeide/plugins/com.st.stm32cube.ide.mcu.externaltools.gnu-tools-for-stm32.10.3-2021.10.win32_1.0.200.202301161003/tools/bin/../lib/gcc/arm-none-eabi/10.3.1/../../../../arm-none-eabi/lib/thumb/v7e-m+fp/hard\libc_nano.a(lib_a-findfp.o)
                              c:/st/stm32cubeide_1.12.1/stm32cubeide/plugins/com.st.stm32cube.ide.mcu.externaltools.gnu-tools-for-stm32.10.3-2021.10.win32_1.0.200.202301161003/tools/bin/../lib/gcc/arm-none-eabi/10.3.1/../../../../arm-none-eabi/lib/thumb/v7e-m+fp/hard\libc_nano.a(lib_a-printf.o) (__sinit)
[...]
Memory Configuration

Name             Origin             Length             Attributes
FLASH            0x0000000008000000 0x0000000000080000 xr
RAM1             0x0000000020000008 0x000000000002fff8 xrw
RAM_SHARED       0x0000000020030000 0x0000000000002800 xrw
*default*        0x0000000000000000 0xffffffffffffffff

Linker script and memory map

LOAD c:/st/stm32cubeide_1.12.1/stm32cubeide/plugins/com.st.stm32cube.ide.mcu.externaltools.gnu-tools-for-stm32.10.3-2021.10.win32_1.0.200.202301161003/tools/bin/../lib/gcc/arm-none-eabi/10.3.1/thumb/v7e-m+fp/hard/crti.o
LOAD c:/st/stm32cubeide_1.12.1/stm32cubeide/plugins/com.st.stm32cube.ide.mcu.externaltools.gnu-tools-for-stm32.10.3-2021.10.win32_1.0.200.202301161003/tools/bin/../lib/gcc/arm-none-eabi/10.3.1/thumb/v7e-m+fp/hard/crtbegin.o
LOAD c:/st/stm32cubeide_1.12.1/stm32cubeide/plugins/com.st.stm32cube.ide.mcu.externaltools.gnu-tools-for-stm32.10.3-2021.10.win32_1.0.200.202301161003/tools/bin/../lib/gcc/arm-none-eabi/10.3.1/../../../../arm-none-eabi/lib/thumb/v7e-m+fp/hard/crt0.o
LOAD ./Core/Src/app_debug.o
LOAD ./Core/Src/app_entry.o
LOAD ./Core/Src/hw_timerserver.o
LOAD ./Core/Src/main.o
LOAD ./Core/Src/stm32_lpm_if.o
LOAD ./Core/Src/stm32wbxx_hal_msp.o
LOAD ./Core/Src/stm32wbxx_it.o
LOAD ./Core/Src/syscalls.o
LOAD ./Core/Src/sysmem.o
LOAD ./Core/Src/system_stm32wbxx.o
LOAD ./Core/Startup/startup_stm32wb55rgvx.o
LOAD ./Drivers/CAN_SPI_MCP2515/CAN_TxRx.o
LOAD ./Drivers/CAN_SPI_MCP2515/mcp2515.o
LOAD ./Drivers/STM32WBxx_HAL_Driver/Src/stm32wbxx_hal.o
LOAD ./Drivers/STM32WBxx_HAL_Driver/Src/stm32wbxx_hal_cortex.o
LOAD ./Drivers/STM32WBxx_HAL_Driver/Src/stm32wbxx_hal_dma.o
LOAD ./Drivers/STM32WBxx_HAL_Driver/Src/stm32wbxx_hal_dma_ex.o
LOAD ./Drivers/STM32WBxx_HAL_Driver/Src/stm32wbxx_hal_exti.o
LOAD ./Drivers/STM32WBxx_HAL_Driver/Src/stm32wbxx_hal_flash.o
LOAD ./Drivers/STM32WBxx_HAL_Driver/Src/stm32wbxx_hal_flash_ex.o
LOAD ./Drivers/STM32WBxx_HAL_Driver/Src/stm32wbxx_hal_gpio.o
LOAD ./Drivers/STM32WBxx_HAL_Driver/Src/stm32wbxx_hal_hsem.o
LOAD ./Drivers/STM32WBxx_HAL_Driver/Src/stm32wbxx_hal_ipcc.o
LOAD ./Drivers/STM32WBxx_HAL_Driver/Src/stm32wbxx_hal_pwr.o
LOAD ./Drivers/STM32WBxx_HAL_Driver/Src/stm32wbxx_hal_pwr_ex.o
LOAD ./Drivers/STM32WBxx_HAL_Driver/Src/stm32wbxx_hal_rcc.o
LOAD ./Drivers/STM32WBxx_HAL_Driver/Src/stm32wbxx_hal_rcc_ex.o
LOAD ./Drivers/STM32WBxx_HAL_Driver/Src/stm32wbxx_hal_rtc.o
LOAD ./Drivers/STM32WBxx_HAL_Driver/Src/stm32wbxx_hal_rtc_ex.o
LOAD ./Drivers/STM32WBxx_HAL_Driver/Src/stm32wbxx_hal_spi.o
LOAD ./Drivers/STM32WBxx_HAL_Driver/Src/stm32wbxx_hal_spi_ex.o
LOAD ./Drivers/STM32WBxx_HAL_Driver/Src/stm32wbxx_hal_tim.o
LOAD ./Drivers/STM32WBxx_HAL_Driver/Src/stm32wbxx_hal_tim_ex.o
LOAD ./Drivers/STM32WBxx_HAL_Driver/Src/stm32wbxx_hal_uart.o
LOAD ./Drivers/STM32WBxx_HAL_Driver/Src/stm32wbxx_hal_uart_ex.o
LOAD ./Drivers/STM32WBxx_HAL_Driver/Src/stm32wbxx_ll_rcc.o
LOAD ./Middlewares/ST/STM32_WPAN/ble/core/auto/ble_events.o
LOAD ./Middlewares/ST/STM32_WPAN/ble/core/auto/ble_gap_aci.o
LOAD ./Middlewares/ST/STM32_WPAN/ble/core/auto/ble_gatt_aci.o
LOAD ./Middlewares/ST/STM32_WPAN/ble/core/auto/ble_hal_aci.o
LOAD ./Middlewares/ST/STM32_WPAN/ble/core/auto/ble_hci_le.o
LOAD ./Middlewares/ST/STM32_WPAN/ble/core/auto/ble_l2cap_aci.o
LOAD ./Middlewares/ST/STM32_WPAN/ble/core/template/osal.o
LOAD ./Middlewares/ST/STM32_WPAN/ble/svc/Src/svc_ctl.o
LOAD ./Middlewares/ST/STM32_WPAN/interface/patterns/ble_thread/shci/shci.o
LOAD ./Middlewares/ST/STM32_WPAN/interface/patterns/ble_thread/tl/hci_tl.o
LOAD ./Middlewares/ST/STM32_WPAN/interface/patterns/ble_thread/tl/hci_tl_if.o
LOAD ./Middlewares/ST/STM32_WPAN/interface/patterns/ble_thread/tl/shci_tl.o
LOAD ./Middlewares/ST/STM32_WPAN/interface/patterns/ble_thread/tl/shci_tl_if.o
LOAD ./Middlewares/ST/STM32_WPAN/interface/patterns/ble_thread/tl/tl_mbox.o
LOAD ./Middlewares/ST/STM32_WPAN/utilities/dbg_trace.o
LOAD ./Middlewares/ST/STM32_WPAN/utilities/otp.o
LOAD ./Middlewares/ST/STM32_WPAN/utilities/stm_list.o
LOAD ./Middlewares/ST/STM32_WPAN/utilities/stm_queue.o
LOAD ./STM32_WPAN/App/app_ble.o
LOAD ./STM32_WPAN/App/custom_app.o
LOAD ./STM32_WPAN/App/custom_stm.o
LOAD ./STM32_WPAN/Target/hw_ipcc.o
LOAD ./Utilities/lpm/tiny_lpm/stm32_lpm.o
LOAD ./Utilities/sequencer/stm32_seq.o
START GROUP
LOAD c:/st/stm32cubeide_1.12.1/stm32cubeide/plugins/com.st.stm32cube.ide.mcu.externaltools.gnu-tools-for-stm32.10.3-2021.10.win32_1.0.200.202301161003/tools/bin/../lib/gcc/arm-none-eabi/10.3.1/../../../../arm-none-eabi/lib/thumb/v7e-m+fp/hard\libc_nano.a
LOAD c:/st/stm32cubeide_1.12.1/stm32cubeide/plugins/com.st.stm32cube.ide.mcu.externaltools.gnu-tools-for-stm32.10.3-2021.10.win32_1.0.200.202301161003/tools/bin/../lib/gcc/arm-none-eabi/10.3.1/../../../../arm-none-eabi/lib/thumb/v7e-m+fp/hard\libm.a
END GROUP
START GROUP
LOAD c:/st/stm32cubeide_1.12.1/stm32cubeide/plugins/com.st.stm32cube.ide.mcu.externaltools.gnu-tools-for-stm32.10.3-2021.10.win32_1.0.200.202301161003/tools/bin/../lib/gcc/arm-none-eabi/10.3.1/thumb/v7e-m+fp/hard\libgcc.a
LOAD c:/st/stm32cubeide_1.12.1/stm32cubeide/plugins/com.st.stm32cube.ide.mcu.externaltools.gnu-tools-for-stm32.10.3-2021.10.win32_1.0.200.202301161003/tools/bin/../lib/gcc/arm-none-eabi/10.3.1/../../../../arm-none-eabi/lib/thumb/v7e-m+fp/hard\libc_nano.a
END GROUP
START GROUP
LOAD c:/st/stm32cubeide_1.12.1/stm32cubeide/plugins/com.st.stm32cube.ide.mcu.externaltools.gnu-tools-for-stm32.10.3-2021.10.win32_1.0.200.202301161003/tools/bin/../lib/gcc/arm-none-eabi/10.3.1/thumb/v7e-m+fp/hard\libgcc.a
LOAD c:/st/stm32cubeide_1.12.1/stm32cubeide/plugins/com.st.stm32cube.ide.mcu.externaltools.gnu-tools-for-stm32.10.3-2021.10.win32_1.0.200.202301161003/tools/bin/../lib/gcc/arm-none-eabi/10.3.1/../../../../arm-none-eabi/lib/thumb/v7e-m+fp/hard\libc_nano.a
LOAD c:/st/stm32cubeide_1.12.1/stm32cubeide/plugins/com.st.stm32cube.ide.mcu.externaltools.gnu-tools-for-stm32.10.3-2021.10.win32_1.0.200.202301161003/tools/bin/../lib/gcc/arm-none-eabi/10.3.1/../../../../arm-none-eabi/lib/thumb/v7e-m+fp/hard\libnosys.a
END GROUP
START GROUP
LOAD c:/st/stm32cubeide_1.12.1/stm32cubeide/plugins/com.st.stm32cube.ide.mcu.externaltools.gnu-tools-for-stm32.10.3-2021.10.win32_1.0.200.202301161003/tools/bin/../lib/gcc/arm-none-eabi/10.3.1/thumb/v7e-m+fp/hard\libgcc.a
LOAD c:/st/stm32cubeide_1.12.1/stm32cubeide/plugins/com.st.stm32cube.ide.mcu.externaltools.gnu-tools-for-stm32.10.3-2021.10.win32_1.0.200.202301161003/tools/bin/../lib/gcc/arm-none-eabi/10.3.1/../../../../arm-none-eabi/lib/thumb/v7e-m+fp/hard\libc_nano.a
LOAD c:/st/stm32cubeide_1.12.1/stm32cubeide/plugins/com.st.stm32cube.ide.mcu.externaltools.gnu-tools-for-stm32.10.3-2021.10.win32_1.0.200.202301161003/tools/bin/../lib/gcc/arm-none-eabi/10.3.1/../../../../arm-none-eabi/lib/thumb/v7e-m+fp/hard\libnosys.a
END GROUP
LOAD c:/st/stm32cubeide_1.12.1/stm32cubeide/plugins/com.st.stm32cube.ide.mcu.externaltools.gnu-tools-for-stm32.10.3-2021.10.win32_1.0.200.202301161003/tools/bin/../lib/gcc/arm-none-eabi/10.3.1/thumb/v7e-m+fp/hard/crtend.o
LOAD c:/st/stm32cubeide_1.12.1/stm32cubeide/plugins/com.st.stm32cube.ide.mcu.externaltools.gnu-tools-for-stm32.10.3-2021.10.win32_1.0.200.202301161003/tools/bin/../lib/gcc/arm-none-eabi/10.3.1/thumb/v7e-m+fp/hard/crtn.o
                0x0000000020030000                _estack = (ORIGIN (RAM1) + LENGTH (RAM1))
                0x0000000000000200                _Min_Heap_Size = 0x200
                0x0000000000000400                _Min_Stack_Size = 0x400

.isr_vector     0x0000000008000000      0x13c
                0x0000000008000000                . = ALIGN (0x4)
 *(.isr_vector)
 .isr_vector    0x0000000008000000      0x13c ./Core/Startup/startup_stm32wb55rgvx.o
                0x0000000008000000                g_pfnVectors
                0x000000000800013c                . = ALIGN (0x4)

.text           0x000000000800013c     0x54e0
                0x000000000800013c                . = ALIGN (0x4)
 *(.text)
 .text          0x000000000800013c       0x40 c:/st/stm32cubeide_1.12.1/stm32cubeide/plugins/com.st.stm32cube.ide.mcu.externaltools.gnu-tools-for-stm32.10.3-2021.10.win32_1.0.200.202301161003/tools/bin/../lib/gcc/arm-none-eabi/10.3.1/thumb/v7e-m+fp/hard/crtbegin.o
 *(.text*)
 .text.LL_AHB2_GRP1_EnableClock
                0x000000000800017c       0x18 ./Core/Src/app_debug.o
 .text.LL_C2_AHB2_GRP1_EnableClock
                0x0000000008000194       0x1e ./Core/Src/app_debug.o
 *fill*         0x00000000080001b2        0x2 
 .text.APPD_Init
                0x00000000080001b4       0xe8 ./Core/Src/app_debug.o
                0x00000000080001b4                APPD_Init
 .text.APPD_EnableCPU2
                0x000000000800029c       0x38 ./Core/Src/app_debug.o
                0x000000000800029c                APPD_EnableCPU2
 .text.APPE_SysStatusNot
                0x00000000080002d4        0x2 ./Core/Src/app_entry.o
 *fill*         0x00000000080002d6        0x2 
 .text.APPE_SysUserEvtRx
                0x00000000080002d8       0x74 ./Core/Src/app_entry.o
 .text.MX_APPE_Config
                0x000000000800034c       0xac ./Core/Src/app_entry.o
                0x000000000800034c                MX_APPE_Config
 .text.Init_Exti
                0x00000000080003f8       0x14 ./Core/Src/app_entry.o
                0x00000000080003f8                Init_Exti
 .text.MX_APPE_Init
                0x000000000800040c       0xac ./Core/Src/app_entry.o
                0x000000000800040c                MX_APPE_Init
 .text.HAL_Delay
                0x00000000080004b8       0x34 ./Core/Src/app_entry.o
                0x00000000080004b8                HAL_Delay
 .text.UTIL_SEQ_Idle
                0x00000000080004ec        0x2 ./Core/Src/app_entry.o
                0x00000000080004ec                UTIL_SEQ_Idle
 .text.UTIL_SEQ_EvtIdle
                0x00000000080004ee        0x8 ./Core/Src/app_entry.o
                0x00000000080004ee                UTIL_SEQ_EvtIdle
 .text.shci_notify_asynch_evt
                0x00000000080004f6        0x8 ./Core/Src/app_entry.o
                0x00000000080004f6                shci_notify_asynch_evt
 .text.shci_cmd_resp_release
                0x00000000080004fe        0x6 ./Core/Src/app_entry.o
                0x00000000080004fe                shci_cmd_resp_release
 .text.shci_cmd_resp_wait
                0x0000000008000504        0x6 ./Core/Src/app_entry.o
                0x0000000008000504                shci_cmd_resp_wait
 *fill*         0x000000000800050a        0x2 
 .text.ReadRtcSsrValue
                0x000000000800050c       0x1c ./Core/Src/hw_timerserver.o
 .text.UnlinkTimer
                0x0000000008000528       0x80 ./Core/Src/hw_timerserver.o
 .text.ReturnTimeElapsed
                0x00000000080005a8       0x48 ./Core/Src/hw_timerserver.o
 .text.RescheduleTimerList
                0x00000000080005f0      0x114 ./Core/Src/hw_timerserver.o
 .text.HW_TS_Init
                0x0000000008000704      0x130 ./Core/Src/hw_timerserver.o
                0x0000000008000704                HW_TS_Init
 .text.HW_TS_Stop
                0x0000000008000834       0xb0 ./Core/Src/hw_timerserver.o
                0x0000000008000834                HW_TS_Stop
 .text.HW_TS_Start
                0x00000000080008e4      0x158 ./Core/Src/hw_timerserver.o
                0x00000000080008e4                HW_TS_Start
 .text.HW_TS_RTC_Int_AppNot
                0x0000000008000a3c        0x2 ./Core/Src/hw_timerserver.o
                0x0000000008000a3c                HW_TS_RTC_Int_AppNot
 *fill*         0x0000000008000a3e        0x2 
 .text.HW_TS_RTC_Wakeup_Handler
                0x0000000008000a40       0xc4 ./Core/Src/hw_timerserver.o
                0x0000000008000a40                HW_TS_RTC_Wakeup_Handler
 .text.LL_AHB2_GRP1_EnableClock
                0x0000000008000b04       0x18 ./Core/Src/main.o
 .text.SystemClock_Config
                0x0000000008000b1c       0x9e ./Core/Src/main.o
                0x0000000008000b1c                SystemClock_Config
 .text.PeriphCommonClock_Config
                0x0000000008000bba       0x30 ./Core/Src/main.o
                0x0000000008000bba                PeriphCommonClock_Config
 *fill*         0x0000000008000bea        0x2 
 .text.SW2_CloseButton_Scan
                0x0000000008000bec       0x88 ./Core/Src/main.o
                0x0000000008000bec                SW2_CloseButton_Scan
 .text.SW3_OpenButton_Scan
                0x0000000008000c74       0x88 ./Core/Src/main.o
                0x0000000008000c74                SW3_OpenButton_Scan
 .text.startup.main
                0x0000000008000cfc      0x3d0 ./Core/Src/main.o
                0x0000000008000cfc                main
 .text.Error_Handler
                0x00000000080010cc        0x4 ./Core/Src/main.o
                0x00000000080010cc                Error_Handler
 .text.LL_AHB2_GRP1_EnableClock
                0x00000000080010d0       0x18 ./Core/Src/stm32wbxx_hal_msp.o
 .text.HAL_MspInit
                0x00000000080010e8       0x2e ./Core/Src/stm32wbxx_hal_msp.o
                0x00000000080010e8                HAL_MspInit
 *fill*         0x0000000008001116        0x2 
 .text.HAL_IPCC_MspInit
                0x0000000008001118       0x50 ./Core/Src/stm32wbxx_hal_msp.o
                0x0000000008001118                HAL_IPCC_MspInit
 .text.HAL_RTC_MspInit
                0x0000000008001168       0x6c ./Core/Src/stm32wbxx_hal_msp.o
                0x0000000008001168                HAL_RTC_MspInit
 .text.HAL_SPI_MspInit
                0x00000000080011d4       0xc0 ./Core/Src/stm32wbxx_hal_msp.o
                0x00000000080011d4                HAL_SPI_MspInit
 .text.NMI_Handler
                0x0000000008001294        0x2 ./Core/Src/stm32wbxx_it.o
                0x0000000008001294                NMI_Handler
 .text.HardFault_Handler
                0x0000000008001296        0x2 ./Core/Src/stm32wbxx_it.o
                0x0000000008001296                HardFault_Handler
 .text.MemManage_Handler
                0x0000000008001298        0x2 ./Core/Src/stm32wbxx_it.o
                0x0000000008001298                MemManage_Handler
 .text.BusFault_Handler
                0x000000000800129a        0x2 ./Core/Src/stm32wbxx_it.o
                0x000000000800129a                BusFault_Handler
 .text.UsageFault_Handler
                0x000000000800129c        0x2 ./Core/Src/stm32wbxx_it.o
                0x000000000800129c                UsageFault_Handler
 .text.SVC_Handler
                0x000000000800129e        0x2 ./Core/Src/stm32wbxx_it.o
                0x000000000800129e                SVC_Handler
 .text.DebugMon_Handler
                0x00000000080012a0        0x2 ./Core/Src/stm32wbxx_it.o
                0x00000000080012a0                DebugMon_Handler
 .text.PendSV_Handler
                0x00000000080012a2        0x2 ./Core/Src/stm32wbxx_it.o
                0x00000000080012a2                PendSV_Handler
 .text.SysTick_Handler
                0x00000000080012a4        0x4 ./Core/Src/stm32wbxx_it.o
                0x00000000080012a4                SysTick_Handler
 .text.RTC_WKUP_IRQHandler
                0x00000000080012a8        0x4 ./Core/Src/stm32wbxx_it.o
                0x00000000080012a8                RTC_WKUP_IRQHandler
 .text.DMA1_Channel1_IRQHandler
                0x00000000080012ac        0xc ./Core/Src/stm32wbxx_it.o
                0x00000000080012ac                DMA1_Channel1_IRQHandler
 .text.DMA1_Channel2_IRQHandler
                0x00000000080012b8        0xc ./Core/Src/stm32wbxx_it.o
                0x00000000080012b8                DMA1_Channel2_IRQHandler
 .text.SPI1_IRQHandler
                0x00000000080012c4        0xc ./Core/Src/stm32wbxx_it.o
                0x00000000080012c4                SPI1_IRQHandler
 .text.SPI2_IRQHandler
                0x00000000080012d0        0xc ./Core/Src/stm32wbxx_it.o
                0x00000000080012d0                SPI2_IRQHandler
 .text.USART1_IRQHandler
                0x00000000080012dc        0xc ./Core/Src/stm32wbxx_it.o
                0x00000000080012dc                USART1_IRQHandler
 .text.IPCC_C1_RX_IRQHandler
                0x00000000080012e8        0x4 ./Core/Src/stm32wbxx_it.o
                0x00000000080012e8                IPCC_C1_RX_IRQHandler
 .text.IPCC_C1_TX_IRQHandler
                0x00000000080012ec        0x4 ./Core/Src/stm32wbxx_it.o
                0x00000000080012ec                IPCC_C1_TX_IRQHandler
 .text.HSEM_IRQHandler
                0x00000000080012f0        0x4 ./Core/Src/stm32wbxx_it.o
                0x00000000080012f0                HSEM_IRQHandler
 .text.SystemInit
                0x00000000080012f4       0x64 ./Core/Src/system_stm32wbxx.o
                0x00000000080012f4                SystemInit
 .text.data_initializers
                0x0000000008001358       0x18 ./Core/Startup/startup_stm32wb55rgvx.o
 .text.Reset_Handler
                0x0000000008001370       0x58 ./Core/Startup/startup_stm32wb55rgvx.o
                0x0000000008001370                Reset_Handler
 .text.Default_Handler
                0x00000000080013c8        0x2 ./Core/Startup/startup_stm32wb55rgvx.o
                0x00000000080013c8                RTC_Alarm_IRQHandler
                0x00000000080013c8                EXTI2_IRQHandler
                0x00000000080013c8                TIM1_CC_IRQHandler
                0x00000000080013c8                TSC_IRQHandler
                0x00000000080013c8                USB_HP_IRQHandler
                0x00000000080013c8                EXTI3_IRQHandler
                0x00000000080013c8                LPTIM2_IRQHandler
                0x00000000080013c8                I2C3_ER_IRQHandler
                0x00000000080013c8                EXTI0_IRQHandler
                0x00000000080013c8                FPU_IRQHandler
                0x00000000080013c8                TIM1_UP_TIM16_IRQHandler
                0x00000000080013c8                AES1_IRQHandler
                0x00000000080013c8                PWR_SOTF_BLEACT_802ACT_RFPHASE_IRQHandler
                0x00000000080013c8                DMA2_Channel2_IRQHandler
                0x00000000080013c8                DMA1_Channel4_IRQHandler
                0x00000000080013c8                ADC1_IRQHandler
                0x00000000080013c8                PKA_IRQHandler
                0x00000000080013c8                DMA1_Channel7_IRQHandler
                0x00000000080013c8                LCD_IRQHandler
                0x00000000080013c8                DMA2_Channel1_IRQHandler
                0x00000000080013c8                QUADSPI_IRQHandler
                0x00000000080013c8                I2C1_EV_IRQHandler
                0x00000000080013c8                DMAMUX1_OVR_IRQHandler
                0x00000000080013c8                DMA1_Channel6_IRQHandler
                0x00000000080013c8                DMA2_Channel4_IRQHandler
                0x00000000080013c8                RCC_IRQHandler
                0x00000000080013c8                Default_Handler
                0x00000000080013c8                DMA2_Channel7_IRQHandler
                0x00000000080013c8                EXTI15_10_IRQHandler
                0x00000000080013c8                C2SEV_PWR_C2H_IRQHandler
                0x00000000080013c8                AES2_IRQHandler
                0x00000000080013c8                I2C3_EV_IRQHandler
                0x00000000080013c8                EXTI9_5_IRQHandler
                0x00000000080013c8                PVD_PVM_IRQHandler
                0x00000000080013c8                DMA2_Channel5_IRQHandler
                0x00000000080013c8                CRS_IRQHandler
                0x00000000080013c8                DMA1_Channel5_IRQHandler
                0x00000000080013c8                USB_LP_IRQHandler
                0x00000000080013c8                EXTI4_IRQHandler
                0x00000000080013c8                RNG_IRQHandler
                0x00000000080013c8                TIM1_TRG_COM_TIM17_IRQHandler
                0x00000000080013c8                TAMP_STAMP_LSECSS_IRQHandler
                0x00000000080013c8                DMA1_Channel3_IRQHandler
                0x00000000080013c8                COMP_IRQHandler
                0x00000000080013c8                WWDG_IRQHandler
                0x00000000080013c8                LPUART1_IRQHandler
                0x00000000080013c8                DMA2_Channel6_IRQHandler
                0x00000000080013c8                TIM2_IRQHandler
                0x00000000080013c8                TIM1_BRK_IRQHandler
                0x00000000080013c8                EXTI1_IRQHandler
                0x00000000080013c8                FLASH_IRQHandler
                0x00000000080013c8                I2C1_ER_IRQHandler
                0x00000000080013c8                LPTIM1_IRQHandler
                0x00000000080013c8                SAI1_IRQHandler
                0x00000000080013c8                DMA2_Channel3_IRQHandler
 *fill*         0x00000000080013ca        0x2 
 .text.Read_CAN_ID
                0x00000000080013cc       0x38 ./Drivers/CAN_SPI_MCP2515/CAN_TxRx.o
                0x00000000080013cc                Read_CAN_ID
 .text.Read_TXdata
                0x0000000008001404       0x64 ./Drivers/CAN_SPI_MCP2515/CAN_TxRx.o
                0x0000000008001404                Read_TXdata
 .text.getEMStime_Master
                0x0000000008001468       0x2c ./Drivers/CAN_SPI_MCP2515/CAN_TxRx.o
                0x0000000008001468                getEMStime_Master
 .text.Read_RXdata
                0x0000000008001494      0x160 ./Drivers/CAN_SPI_MCP2515/CAN_TxRx.o
                0x0000000008001494                Read_RXdata
 .text.Send_RXdata
                0x00000000080015f4      0x158 ./Drivers/CAN_SPI_MCP2515/CAN_TxRx.o
                0x00000000080015f4                Send_RXdata
 .text.Send_CloseDoor
                0x000000000800174c       0x20 ./Drivers/CAN_SPI_MCP2515/CAN_TxRx.o
                0x000000000800174c                Send_CloseDoor
 .text.Send_OpenDoor
                0x000000000800176c       0x20 ./Drivers/CAN_SPI_MCP2515/CAN_TxRx.o
                0x000000000800176c                Send_OpenDoor
 .text.SPI1_Tx  0x000000000800178c       0x20 ./Drivers/CAN_SPI_MCP2515/mcp2515.o
 .text.SPI2_Tx  0x00000000080017ac       0x20 ./Drivers/CAN_SPI_MCP2515/mcp2515.o
 .text.MCP2515_SPI1_Reset
                0x00000000080017cc       0x24 ./Drivers/CAN_SPI_MCP2515/mcp2515.o
                0x00000000080017cc                MCP2515_SPI1_Reset
 .text.MCP2515_SPI1_ReadReg
                0x00000000080017f0       0x58 ./Drivers/CAN_SPI_MCP2515/mcp2515.o
                0x00000000080017f0                MCP2515_SPI1_ReadReg
 .text.MCP2515_SPI1_WriteReg
                0x0000000008001848       0x48 ./Drivers/CAN_SPI_MCP2515/mcp2515.o
                0x0000000008001848                MCP2515_SPI1_WriteReg
 .text.MCP2515_SPI1_RegModify
                0x0000000008001890       0x3c ./Drivers/CAN_SPI_MCP2515/mcp2515.o
                0x0000000008001890                MCP2515_SPI1_RegModify
 .text.MCP2515_SPI1_RateConfig
                0x00000000080018cc       0x2a ./Drivers/CAN_SPI_MCP2515/mcp2515.o
                0x00000000080018cc                MCP2515_SPI1_RateConfig
 *fill*         0x00000000080018f6        0x2 
 .text.MCP2515_SPI1_AddrReset
                0x00000000080018f8       0x58 ./Drivers/CAN_SPI_MCP2515/mcp2515.o
                0x00000000080018f8                MCP2515_SPI1_AddrReset
 .text.MCP2515_SPI1_CanInit
                0x0000000008001950       0x3a ./Drivers/CAN_SPI_MCP2515/mcp2515.o
                0x0000000008001950                MCP2515_SPI1_CanInit
 *fill*         0x000000000800198a        0x2 
 .text.MCP2515_SPI2_Reset
                0x000000000800198c       0x2c ./Drivers/CAN_SPI_MCP2515/mcp2515.o
                0x000000000800198c                MCP2515_SPI2_Reset
 .text.MCP2515_SPI2_ReadReg
                0x00000000080019b8       0x5c ./Drivers/CAN_SPI_MCP2515/mcp2515.o
                0x00000000080019b8                MCP2515_SPI2_ReadReg
 .text.MCP2515_SPI2_WriteReg
                0x0000000008001a14       0x4c ./Drivers/CAN_SPI_MCP2515/mcp2515.o
                0x0000000008001a14                MCP2515_SPI2_WriteReg
 .text.MCP2515_SPI2_RegModify
                0x0000000008001a60       0x44 ./Drivers/CAN_SPI_MCP2515/mcp2515.o
                0x0000000008001a60                MCP2515_SPI2_RegModify
 .text.MCP2515_SPI2_RateConfig
                0x0000000008001aa4       0x2a ./Drivers/CAN_SPI_MCP2515/mcp2515.o
                0x0000000008001aa4                MCP2515_SPI2_RateConfig
 *fill*         0x0000000008001ace        0x2 
 .text.MCP2515_SPI2_AddrReset
                0x0000000008001ad0       0x60 ./Drivers/CAN_SPI_MCP2515/mcp2515.o
                0x0000000008001ad0                MCP2515_SPI2_AddrReset
 .text.MCP2515_SPI2_CanInit
                0x0000000008001b30       0x3a ./Drivers/CAN_SPI_MCP2515/mcp2515.o
                0x0000000008001b30                MCP2515_SPI2_CanInit
 *fill*         0x0000000008001b6a        0x2 
 .text.HAL_InitTick
                0x0000000008001b6c       0x4c ./Drivers/STM32WBxx_HAL_Driver/Src/stm32wbxx_hal.o
                0x0000000008001b6c                HAL_InitTick
 .text.HAL_Init
                0x0000000008001bb8       0x2c ./Drivers/STM32WBxx_HAL_Driver/Src/stm32wbxx_hal.o
                0x0000000008001bb8                HAL_Init
 .text.HAL_IncTick
                0x0000000008001be4       0x18 ./Drivers/STM32WBxx_HAL_Driver/Src/stm32wbxx_hal.o
                0x0000000008001be4                HAL_IncTick
 .text.HAL_GetTick
                0x0000000008001bfc        0xc ./Drivers/STM32WBxx_HAL_Driver/Src/stm32wbxx_hal.o
                0x0000000008001bfc                HAL_GetTick
 .text.HAL_GetTickPrio
                0x0000000008001c08        0xc ./Drivers/STM32WBxx_HAL_Driver/Src/stm32wbxx_hal.o
                0x0000000008001c08                HAL_GetTickPrio
 .text.HAL_GetTickFreq
                0x0000000008001c14        0xc ./Drivers/STM32WBxx_HAL_Driver/Src/stm32wbxx_hal.o
                0x0000000008001c14                HAL_GetTickFreq
 .text.HAL_DBGMCU_EnableDBGSleepMode
                0x0000000008001c20       0x10 ./Drivers/STM32WBxx_HAL_Driver/Src/stm32wbxx_hal.o
                0x0000000008001c20                HAL_DBGMCU_EnableDBGSleepMode
 .text.HAL_DBGMCU_EnableDBGStopMode
                0x0000000008001c30       0x10 ./Drivers/STM32WBxx_HAL_Driver/Src/stm32wbxx_hal.o
                0x0000000008001c30                HAL_DBGMCU_EnableDBGStopMode
 .text.HAL_NVIC_SetPriorityGrouping
                0x0000000008001c40       0x24 ./Drivers/STM32WBxx_HAL_Driver/Src/stm32wbxx_hal_cortex.o
                0x0000000008001c40                HAL_NVIC_SetPriorityGrouping
 .text.HAL_NVIC_SetPriority
                0x0000000008001c64       0x64 ./Drivers/STM32WBxx_HAL_Driver/Src/stm32wbxx_hal_cortex.o
                0x0000000008001c64                HAL_NVIC_SetPriority
 .text.HAL_NVIC_EnableIRQ
                0x0000000008001cc8       0x1c ./Drivers/STM32WBxx_HAL_Driver/Src/stm32wbxx_hal_cortex.o
                0x0000000008001cc8                HAL_NVIC_EnableIRQ
 .text.HAL_NVIC_DisableIRQ
                0x0000000008001ce4       0x28 ./Drivers/STM32WBxx_HAL_Driver/Src/stm32wbxx_hal_cortex.o
                0x0000000008001ce4                HAL_NVIC_DisableIRQ
 .text.HAL_SYSTICK_Config
                0x0000000008001d0c       0x28 ./Drivers/STM32WBxx_HAL_Driver/Src/stm32wbxx_hal_cortex.o
                0x0000000008001d0c                HAL_SYSTICK_Config
 .text.HAL_NVIC_SetPendingIRQ
                0x0000000008001d34       0x20 ./Drivers/STM32WBxx_HAL_Driver/Src/stm32wbxx_hal_cortex.o
                0x0000000008001d34                HAL_NVIC_SetPendingIRQ
 .text.HAL_NVIC_ClearPendingIRQ
                0x0000000008001d54       0x20 ./Drivers/STM32WBxx_HAL_Driver/Src/stm32wbxx_hal_cortex.o
                0x0000000008001d54                HAL_NVIC_ClearPendingIRQ
 .text.HAL_DMA_Abort
                0x0000000008001d74       0x6a ./Drivers/STM32WBxx_HAL_Driver/Src/stm32wbxx_hal_dma.o
                0x0000000008001d74                HAL_DMA_Abort
 .text.HAL_DMA_Abort_IT
                0x0000000008001dde       0x6e ./Drivers/STM32WBxx_HAL_Driver/Src/stm32wbxx_hal_dma.o
                0x0000000008001dde                HAL_DMA_Abort_IT
 .text.HAL_DMA_IRQHandler
                0x0000000008001e4c       0x94 ./Drivers/STM32WBxx_HAL_Driver/Src/stm32wbxx_hal_dma.o
                0x0000000008001e4c                HAL_DMA_IRQHandler
 .text.HAL_GPIO_Init
                0x0000000008001ee0      0x16c ./Drivers/STM32WBxx_HAL_Driver/Src/stm32wbxx_hal_gpio.o
                0x0000000008001ee0                HAL_GPIO_Init
 .text.HAL_GPIO_ReadPin
                0x000000000800204c        0xc ./Drivers/STM32WBxx_HAL_Driver/Src/stm32wbxx_hal_gpio.o
                0x000000000800204c                HAL_GPIO_ReadPin
 .text.HAL_GPIO_WritePin
                0x0000000008002058        0xa ./Drivers/STM32WBxx_HAL_Driver/Src/stm32wbxx_hal_gpio.o
                0x0000000008002058                HAL_GPIO_WritePin
 .text.HAL_HSEM_FreeCallback
                0x0000000008002062        0x2 ./Drivers/STM32WBxx_HAL_Driver/Src/stm32wbxx_hal_hsem.o
                0x0000000008002062                HAL_HSEM_FreeCallback
 .text.HAL_HSEM_IRQHandler
                0x0000000008002064       0x1c ./Drivers/STM32WBxx_HAL_Driver/Src/stm32wbxx_hal_hsem.o
                0x0000000008002064                HAL_HSEM_IRQHandler
 .text.HAL_IPCC_TxCallback
                0x0000000008002080        0x2 ./Drivers/STM32WBxx_HAL_Driver/Src/stm32wbxx_hal_ipcc.o
                0x0000000008002080                HAL_IPCC_TxCallback
 .text.HAL_IPCC_RxCallback
                0x0000000008002082        0x2 ./Drivers/STM32WBxx_HAL_Driver/Src/stm32wbxx_hal_ipcc.o
                0x0000000008002082                HAL_IPCC_RxCallback
 .text.IPCC_SetDefaultCallbacks
                0x0000000008002084       0x1c ./Drivers/STM32WBxx_HAL_Driver/Src/stm32wbxx_hal_ipcc.o
                0x0000000008002084                IPCC_SetDefaultCallbacks
 .text.HAL_IPCC_Init
                0x00000000080020a0       0x44 ./Drivers/STM32WBxx_HAL_Driver/Src/stm32wbxx_hal_ipcc.o
                0x00000000080020a0                HAL_IPCC_Init
 .text.HAL_PWR_EnableBkUpAccess
                0x00000000080020e4       0x10 ./Drivers/STM32WBxx_HAL_Driver/Src/stm32wbxx_hal_pwr.o
                0x00000000080020e4                HAL_PWR_EnableBkUpAccess
 .text.HAL_PWREx_GetVoltageRange
                0x00000000080020f4       0x10 ./Drivers/STM32WBxx_HAL_Driver/Src/stm32wbxx_hal_pwr_ex.o
                0x00000000080020f4                HAL_PWREx_GetVoltageRange
 .text.LL_RCC_LSI1_IsReady
                0x0000000008002104        0xe ./Drivers/STM32WBxx_HAL_Driver/Src/stm32wbxx_hal_rcc.o
 .text.LL_RCC_MSI_IsReady
                0x0000000008002112        0xc ./Drivers/STM32WBxx_HAL_Driver/Src/stm32wbxx_hal_rcc.o
 .text.LL_RCC_MSI_SetRange
                0x000000000800211e       0x10 ./Drivers/STM32WBxx_HAL_Driver/Src/stm32wbxx_hal_rcc.o
 .text.LL_RCC_MSI_SetCalibTrimming
                0x000000000800212e       0x12 ./Drivers/STM32WBxx_HAL_Driver/Src/stm32wbxx_hal_rcc.o
 .text.RCC_SetFlashLatencyFromMSIRange
                0x0000000008002140       0xe8 ./Drivers/STM32WBxx_HAL_Driver/Src/stm32wbxx_hal_rcc.o
 .text.HAL_RCC_GetSysClockFreq
                0x0000000008002228       0xa4 ./Drivers/STM32WBxx_HAL_Driver/Src/stm32wbxx_hal_rcc.o
                0x0000000008002228                HAL_RCC_GetSysClockFreq
 .text.HAL_RCC_GetHCLKFreq
                0x00000000080022cc       0x20 ./Drivers/STM32WBxx_HAL_Driver/Src/stm32wbxx_hal_rcc.o
                0x00000000080022cc                HAL_RCC_GetHCLKFreq
 .text.HAL_RCC_OscConfig
                0x00000000080022ec      0x590 ./Drivers/STM32WBxx_HAL_Driver/Src/stm32wbxx_hal_rcc.o
                0x00000000080022ec                HAL_RCC_OscConfig
 .text.HAL_RCC_ClockConfig
                0x000000000800287c      0x200 ./Drivers/STM32WBxx_HAL_Driver/Src/stm32wbxx_hal_rcc.o
                0x000000000800287c                HAL_RCC_ClockConfig
 .text.LL_RCC_LSE_IsReady
                0x0000000008002a7c        0xe ./Drivers/STM32WBxx_HAL_Driver/Src/stm32wbxx_hal_rcc_ex.o
 .text.LL_RCC_SetI2CClockSource
                0x0000000008002a8a       0x20 ./Drivers/STM32WBxx_HAL_Driver/Src/stm32wbxx_hal_rcc_ex.o
 .text.LL_RCC_PLLSAI1_Enable
                0x0000000008002aaa        0xe ./Drivers/STM32WBxx_HAL_Driver/Src/stm32wbxx_hal_rcc_ex.o
 .text.LL_RCC_PLLSAI1_Disable
                0x0000000008002ab8        0xe ./Drivers/STM32WBxx_HAL_Driver/Src/stm32wbxx_hal_rcc_ex.o
 .text.LL_RCC_PLLSAI1_IsReady
                0x0000000008002ac6        0xc ./Drivers/STM32WBxx_HAL_Driver/Src/stm32wbxx_hal_rcc_ex.o
 .text.HAL_RCCEx_PeriphCLKConfig
                0x0000000008002ad2      0x38a ./Drivers/STM32WBxx_HAL_Driver/Src/stm32wbxx_hal_rcc_ex.o
                0x0000000008002ad2                HAL_RCCEx_PeriphCLKConfig
 .text.HAL_RTC_WaitForSynchro
                0x0000000008002e5c       0x30 ./Drivers/STM32WBxx_HAL_Driver/Src/stm32wbxx_hal_rtc.o
                0x0000000008002e5c                HAL_RTC_WaitForSynchro
 .text.RTC_EnterInitMode
                0x0000000008002e8c       0x34 ./Drivers/STM32WBxx_HAL_Driver/Src/stm32wbxx_hal_rtc.o
                0x0000000008002e8c                RTC_EnterInitMode
 .text.HAL_RTC_Init
                0x0000000008002ec0       0xc4 ./Drivers/STM32WBxx_HAL_Driver/Src/stm32wbxx_hal_rtc.o
                0x0000000008002ec0                HAL_RTC_Init
 .text.HAL_RTCEx_SetWakeUpTimer_IT
                0x0000000008002f84       0xf0 ./Drivers/STM32WBxx_HAL_Driver/Src/stm32wbxx_hal_rtc_ex.o
                0x0000000008002f84                HAL_RTCEx_SetWakeUpTimer_IT
 .text.SPI_WaitFifoStateUntilTimeout.constprop.0
                0x0000000008003074       0xcc ./Drivers/STM32WBxx_HAL_Driver/Src/stm32wbxx_hal_spi.o
 .text.SPI_WaitFlagStateUntilTimeout.constprop.0
                0x0000000008003140       0xa4 ./Drivers/STM32WBxx_HAL_Driver/Src/stm32wbxx_hal_spi.o
 .text.SPI_EndRxTransaction
                0x00000000080031e4       0x72 ./Drivers/STM32WBxx_HAL_Driver/Src/stm32wbxx_hal_spi.o
 .text.SPI_EndRxTxTransaction
                0x0000000008003256       0x4a ./Drivers/STM32WBxx_HAL_Driver/Src/stm32wbxx_hal_spi.o
 .text.HAL_SPI_Init
                0x00000000080032a0       0xd4 ./Drivers/STM32WBxx_HAL_Driver/Src/stm32wbxx_hal_spi.o
                0x00000000080032a0                HAL_SPI_Init
 .text.HAL_SPI_Transmit
                0x0000000008003374      0x192 ./Drivers/STM32WBxx_HAL_Driver/Src/stm32wbxx_hal_spi.o
                0x0000000008003374                HAL_SPI_Transmit
 .text.HAL_SPI_TransmitReceive
                0x0000000008003506      0x258 ./Drivers/STM32WBxx_HAL_Driver/Src/stm32wbxx_hal_spi.o
                0x0000000008003506                HAL_SPI_TransmitReceive
 .text.HAL_SPI_Receive
                0x000000000800375e      0x170 ./Drivers/STM32WBxx_HAL_Driver/Src/stm32wbxx_hal_spi.o
                0x000000000800375e                HAL_SPI_Receive
 .text.HAL_SPI_ErrorCallback
                0x00000000080038ce        0x2 ./Drivers/STM32WBxx_HAL_Driver/Src/stm32wbxx_hal_spi.o
                0x00000000080038ce                HAL_SPI_ErrorCallback
 .text.HAL_SPI_IRQHandler
                0x00000000080038d0      0x10c ./Drivers/STM32WBxx_HAL_Driver/Src/stm32wbxx_hal_spi.o
                0x00000000080038d0                HAL_SPI_IRQHandler
 .text.SPI_DMAAbortOnError
                0x00000000080039dc       0x12 ./Drivers/STM32WBxx_HAL_Driver/Src/stm32wbxx_hal_spi.o
 *fill*         0x00000000080039ee        0x2 
 .text.UART_EndRxTransfer
                0x00000000080039f0       0x58 ./Drivers/STM32WBxx_HAL_Driver/Src/stm32wbxx_hal_uart.o
 .text.HAL_UART_TxCpltCallback
                0x0000000008003a48        0x2 ./Drivers/STM32WBxx_HAL_Driver/Src/stm32wbxx_hal_uart.o
                0x0000000008003a48                HAL_UART_TxCpltCallback
 .text.HAL_UART_ErrorCallback
                0x0000000008003a4a        0x2 ./Drivers/STM32WBxx_HAL_Driver/Src/stm32wbxx_hal_uart.o
                0x0000000008003a4a                HAL_UART_ErrorCallback
 .text.UART_DMAAbortOnError
                0x0000000008003a4c       0x14 ./Drivers/STM32WBxx_HAL_Driver/Src/stm32wbxx_hal_uart.o
 .text.HAL_UARTEx_RxEventCallback
                0x0000000008003a60        0x2 ./Drivers/STM32WBxx_HAL_Driver/Src/stm32wbxx_hal_uart.o
                0x0000000008003a60                HAL_UARTEx_RxEventCallback
 *fill*         0x0000000008003a62        0x2 
 .text.HAL_UART_IRQHandler
                0x0000000008003a64      0x2fc ./Drivers/STM32WBxx_HAL_Driver/Src/stm32wbxx_hal_uart.o
                0x0000000008003a64                HAL_UART_IRQHandler
 .text.HAL_UARTEx_WakeupCallback
                0x0000000008003d60        0x2 ./Drivers/STM32WBxx_HAL_Driver/Src/stm32wbxx_hal_uart_ex.o
                0x0000000008003d60                HAL_UARTEx_WakeupCallback
 .text.HAL_UARTEx_RxFifoFullCallback
                0x0000000008003d62        0x2 ./Drivers/STM32WBxx_HAL_Driver/Src/stm32wbxx_hal_uart_ex.o
                0x0000000008003d62                HAL_UARTEx_RxFifoFullCallback
 .text.HAL_UARTEx_TxFifoEmptyCallback
                0x0000000008003d64        0x2 ./Drivers/STM32WBxx_HAL_Driver/Src/stm32wbxx_hal_uart_ex.o
                0x0000000008003d64                HAL_UARTEx_TxFifoEmptyCallback
 *fill*         0x0000000008003d66        0x2 
 .text.aci_gap_set_non_discoverable
                0x0000000008003d68       0x3c ./Middlewares/ST/STM32_WPAN/ble/core/auto/ble_gap_aci.o
                0x0000000008003d68                aci_gap_set_non_discoverable
 .text.aci_gap_set_discoverable
                0x0000000008003da4       0xb0 ./Middlewares/ST/STM32_WPAN/ble/core/auto/ble_gap_aci.o
                0x0000000008003da4                aci_gap_set_discoverable
 .text.aci_gap_set_io_capability
                0x0000000008003e54       0x48 ./Middlewares/ST/STM32_WPAN/ble/core/auto/ble_gap_aci.o
                0x0000000008003e54                aci_gap_set_io_capability
 .text.aci_gap_set_authentication_requirement
                0x0000000008003e9c       0x7c ./Middlewares/ST/STM32_WPAN/ble/core/auto/ble_gap_aci.o
                0x0000000008003e9c                aci_gap_set_authentication_requirement
 .text.aci_gap_pass_key_resp
                0x0000000008003f18       0x4c ./Middlewares/ST/STM32_WPAN/ble/core/auto/ble_gap_aci.o
                0x0000000008003f18                aci_gap_pass_key_resp
 .text.aci_gap_init
                0x0000000008003f64       0x84 ./Middlewares/ST/STM32_WPAN/ble/core/auto/ble_gap_aci.o
                0x0000000008003f64                aci_gap_init
 .text.aci_gap_update_adv_data
                0x0000000008003fe8       0x54 ./Middlewares/ST/STM32_WPAN/ble/core/auto/ble_gap_aci.o
                0x0000000008003fe8                aci_gap_update_adv_data
 .text.aci_gap_configure_whitelist
                0x000000000800403c       0x3c ./Middlewares/ST/STM32_WPAN/ble/core/auto/ble_gap_aci.o
                0x000000000800403c                aci_gap_configure_whitelist
 .text.aci_gap_numeric_comparison_value_confirm_yesno
                0x0000000008004078       0x4c ./Middlewares/ST/STM32_WPAN/ble/core/auto/ble_gap_aci.o
                0x0000000008004078                aci_gap_numeric_comparison_value_confirm_yesno
 .text.aci_gatt_init
                0x00000000080040c4       0x3c ./Middlewares/ST/STM32_WPAN/ble/core/auto/ble_gatt_aci.o
                0x00000000080040c4                aci_gatt_init
 .text.aci_gatt_add_service
                0x0000000008004100       0xa0 ./Middlewares/ST/STM32_WPAN/ble/core/auto/ble_gatt_aci.o
                0x0000000008004100                aci_gatt_add_service
 .text.aci_gatt_add_char
                0x00000000080041a0       0xb8 ./Middlewares/ST/STM32_WPAN/ble/core/auto/ble_gatt_aci.o
                0x00000000080041a0                aci_gatt_add_char
 .text.aci_gatt_update_char_value
                0x0000000008004258       0x64 ./Middlewares/ST/STM32_WPAN/ble/core/auto/ble_gatt_aci.o
                0x0000000008004258                aci_gatt_update_char_value
 .text.aci_hal_write_config_data
                0x00000000080042bc       0x5c ./Middlewares/ST/STM32_WPAN/ble/core/auto/ble_hal_aci.o
                0x00000000080042bc                aci_hal_write_config_data
 .text.aci_hal_set_tx_power_level
                0x0000000008004318       0x4c ./Middlewares/ST/STM32_WPAN/ble/core/auto/ble_hal_aci.o
                0x0000000008004318                aci_hal_set_tx_power_level
 .text.aci_hal_set_radio_activity_mask
                0x0000000008004364       0x48 ./Middlewares/ST/STM32_WPAN/ble/core/auto/ble_hal_aci.o
                0x0000000008004364                aci_hal_set_radio_activity_mask
 .text.hci_reset
                0x00000000080043ac       0x3a ./Middlewares/ST/STM32_WPAN/ble/core/auto/ble_hci_le.o
                0x00000000080043ac                hci_reset
 *fill*         0x00000000080043e6        0x2 
 .text.hci_le_set_default_phy
                0x00000000080043e8       0x50 ./Middlewares/ST/STM32_WPAN/ble/core/auto/ble_hci_le.o
                0x00000000080043e8                hci_le_set_default_phy
 .text.Osal_MemCpy
                0x0000000008004438        0x4 ./Middlewares/ST/STM32_WPAN/ble/core/template/osal.o
                0x0000000008004438                Osal_MemCpy
 .text.Osal_MemSet
                0x000000000800443c        0x4 ./Middlewares/ST/STM32_WPAN/ble/core/template/osal.o
                0x000000000800443c                Osal_MemSet
 .text.BAS_Init
                0x0000000008004440        0x2 ./Middlewares/ST/STM32_WPAN/ble/svc/Src/svc_ctl.o
                0x0000000008004440                BAS_Init
 .text.BLS_Init
                0x0000000008004442        0x2 ./Middlewares/ST/STM32_WPAN/ble/svc/Src/svc_ctl.o
                0x0000000008004442                BLS_Init
 .text.CRS_STM_Init
                0x0000000008004444        0x2 ./Middlewares/ST/STM32_WPAN/ble/svc/Src/svc_ctl.o
                0x0000000008004444                CRS_STM_Init
 .text.DIS_Init
                0x0000000008004446        0x2 ./Middlewares/ST/STM32_WPAN/ble/svc/Src/svc_ctl.o
                0x0000000008004446                DIS_Init
 .text.EDS_STM_Init
                0x0000000008004448        0x2 ./Middlewares/ST/STM32_WPAN/ble/svc/Src/svc_ctl.o
                0x0000000008004448                EDS_STM_Init
 .text.HIDS_Init
                0x000000000800444a        0x2 ./Middlewares/ST/STM32_WPAN/ble/svc/Src/svc_ctl.o
                0x000000000800444a                HIDS_Init
 .text.HRS_Init
                0x000000000800444c        0x2 ./Middlewares/ST/STM32_WPAN/ble/svc/Src/svc_ctl.o
                0x000000000800444c                HRS_Init
 .text.HTS_Init
                0x000000000800444e        0x2 ./Middlewares/ST/STM32_WPAN/ble/svc/Src/svc_ctl.o
                0x000000000800444e                HTS_Init
 .text.IAS_Init
                0x0000000008004450        0x2 ./Middlewares/ST/STM32_WPAN/ble/svc/Src/svc_ctl.o
                0x0000000008004450                IAS_Init
 .text.LLS_Init
                0x0000000008004452        0x2 ./Middlewares/ST/STM32_WPAN/ble/svc/Src/svc_ctl.o
                0x0000000008004452                LLS_Init
 .text.TPS_Init
                0x0000000008004454        0x2 ./Middlewares/ST/STM32_WPAN/ble/svc/Src/svc_ctl.o
                0x0000000008004454                TPS_Init
 .text.MOTENV_STM_Init
                0x0000000008004456        0x2 ./Middlewares/ST/STM32_WPAN/ble/svc/Src/svc_ctl.o
                0x0000000008004456                MOTENV_STM_Init
 .text.P2PS_STM_Init
                0x0000000008004458        0x2 ./Middlewares/ST/STM32_WPAN/ble/svc/Src/svc_ctl.o
                0x0000000008004458                P2PS_STM_Init
 .text.ZDD_STM_Init
                0x000000000800445a        0x2 ./Middlewares/ST/STM32_WPAN/ble/svc/Src/svc_ctl.o
                0x000000000800445a                ZDD_STM_Init
 .text.OTAS_STM_Init
                0x000000000800445c        0x2 ./Middlewares/ST/STM32_WPAN/ble/svc/Src/svc_ctl.o
                0x000000000800445c                OTAS_STM_Init
 .text.MESH_Init
                0x000000000800445e        0x2 ./Middlewares/ST/STM32_WPAN/ble/svc/Src/svc_ctl.o
                0x000000000800445e                MESH_Init
 .text.BVOPUS_STM_Init
                0x0000000008004460        0x2 ./Middlewares/ST/STM32_WPAN/ble/svc/Src/svc_ctl.o
                0x0000000008004460                BVOPUS_STM_Init
 .text.SVCCTL_SvcInit
                0x0000000008004462       0x4c ./Middlewares/ST/STM32_WPAN/ble/svc/Src/svc_ctl.o
                0x0000000008004462                SVCCTL_SvcInit
 *fill*         0x00000000080044ae        0x2 
 .text.SVCCTL_Init
                0x00000000080044b0       0x18 ./Middlewares/ST/STM32_WPAN/ble/svc/Src/svc_ctl.o
                0x00000000080044b0                SVCCTL_Init
 .text.SVCCTL_RegisterSvcHandler
                0x00000000080044c8       0x14 ./Middlewares/ST/STM32_WPAN/ble/svc/Src/svc_ctl.o
                0x00000000080044c8                SVCCTL_RegisterSvcHandler
 .text.SVCCTL_UserEvtRx
                0x00000000080044dc       0x48 ./Middlewares/ST/STM32_WPAN/ble/svc/Src/svc_ctl.o
                0x00000000080044dc                SVCCTL_UserEvtRx
 .text.SHCI_C2_BLE_Init
                0x0000000008004524       0x1c ./Middlewares/ST/STM32_WPAN/interface/patterns/ble_thread/shci/shci.o
                0x0000000008004524                SHCI_C2_BLE_Init
 .text.SHCI_C2_DEBUG_Init
                0x0000000008004540       0x1c ./Middlewares/ST/STM32_WPAN/interface/patterns/ble_thread/shci/shci.o
                0x0000000008004540                SHCI_C2_DEBUG_Init
 .text.SHCI_C2_Config
                0x000000000800455c       0x1a ./Middlewares/ST/STM32_WPAN/interface/patterns/ble_thread/shci/shci.o
                0x000000000800455c                SHCI_C2_Config
 *fill*         0x0000000008004576        0x2 
 .text.SHCI_GetWirelessFwInfo
                0x0000000008004578       0x7c ./Middlewares/ST/STM32_WPAN/interface/patterns/ble_thread/shci/shci.o
                0x0000000008004578                SHCI_GetWirelessFwInfo
 .text.hci_init
                0x00000000080045f4       0x54 ./Middlewares/ST/STM32_WPAN/interface/patterns/ble_thread/tl/hci_tl.o
                0x00000000080045f4                hci_init
 .text.hci_user_evt_proc
                0x0000000008004648       0x6c ./Middlewares/ST/STM32_WPAN/interface/patterns/ble_thread/tl/hci_tl.o
                0x0000000008004648                hci_user_evt_proc
 .text.hci_send_req
                0x00000000080046b4       0xc8 ./Middlewares/ST/STM32_WPAN/interface/patterns/ble_thread/tl/hci_tl.o
                0x00000000080046b4                hci_send_req
 .text.TlEvtReceived
                0x000000000800477c       0x34 ./Middlewares/ST/STM32_WPAN/interface/patterns/ble_thread/tl/hci_tl.o
 .text.hci_register_io_bus
                0x00000000080047b0       0x14 ./Middlewares/ST/STM32_WPAN/interface/patterns/ble_thread/tl/hci_tl_if.o
                0x00000000080047b0                hci_register_io_bus
 .text.TlUserEvtReceived
                0x00000000080047c4       0x18 ./Middlewares/ST/STM32_WPAN/interface/patterns/ble_thread/tl/shci_tl.o
 .text.Cmd_SetStatus.constprop.0
                0x00000000080047dc       0x18 ./Middlewares/ST/STM32_WPAN/interface/patterns/ble_thread/tl/shci_tl.o
 .text.shci_init
                0x00000000080047f4       0x54 ./Middlewares/ST/STM32_WPAN/interface/patterns/ble_thread/tl/shci_tl.o
                0x00000000080047f4                shci_init
 .text.shci_user_evt_proc
                0x0000000008004848       0x68 ./Middlewares/ST/STM32_WPAN/interface/patterns/ble_thread/tl/shci_tl.o
                0x0000000008004848                shci_user_evt_proc
 .text.shci_send
                0x00000000080048b0       0x6c ./Middlewares/ST/STM32_WPAN/interface/patterns/ble_thread/tl/shci_tl.o
                0x00000000080048b0                shci_send
 .text.TlCmdEvtReceived
                0x000000000800491c        0xa ./Middlewares/ST/STM32_WPAN/interface/patterns/ble_thread/tl/shci_tl.o
 *fill*         0x0000000008004926        0x2 
 .text.shci_register_io_bus
                0x0000000008004928       0x14 ./Middlewares/ST/STM32_WPAN/interface/patterns/ble_thread/tl/shci_tl_if.o
                0x0000000008004928                shci_register_io_bus
 .text.SendFreeBuf
                0x000000000800493c       0x30 ./Middlewares/ST/STM32_WPAN/interface/patterns/ble_thread/tl/tl_mbox.o
 .text.TL_Enable
                0x000000000800496c        0x4 ./Middlewares/ST/STM32_WPAN/interface/patterns/ble_thread/tl/tl_mbox.o
                0x000000000800496c                TL_Enable
 .text.TL_Init  0x0000000008004970       0x48 ./Middlewares/ST/STM32_WPAN/interface/patterns/ble_thread/tl/tl_mbox.o
                0x0000000008004970                TL_Init
 .text.TL_BLE_Init
                0x00000000080049b8       0x48 ./Middlewares/ST/STM32_WPAN/interface/patterns/ble_thread/tl/tl_mbox.o
                0x00000000080049b8                TL_BLE_Init
 .text.TL_BLE_SendCmd
                0x0000000008004a00       0x1c ./Middlewares/ST/STM32_WPAN/interface/patterns/ble_thread/tl/tl_mbox.o
                0x0000000008004a00                TL_BLE_SendCmd
 .text.HW_IPCC_BLE_RxEvtNot
                0x0000000008004a1c       0x2c ./Middlewares/ST/STM32_WPAN/interface/patterns/ble_thread/tl/tl_mbox.o
                0x0000000008004a1c                HW_IPCC_BLE_RxEvtNot
 .text.HW_IPCC_BLE_AclDataAckNot
                0x0000000008004a48        0xc ./Middlewares/ST/STM32_WPAN/interface/patterns/ble_thread/tl/tl_mbox.o
                0x0000000008004a48                HW_IPCC_BLE_AclDataAckNot
 .text.TL_SYS_Init
                0x0000000008004a54       0x3c ./Middlewares/ST/STM32_WPAN/interface/patterns/ble_thread/tl/tl_mbox.o
                0x0000000008004a54                TL_SYS_Init
 .text.TL_SYS_SendCmd
                0x0000000008004a90       0x1c ./Middlewares/ST/STM32_WPAN/interface/patterns/ble_thread/tl/tl_mbox.o
                0x0000000008004a90                TL_SYS_SendCmd
 .text.HW_IPCC_SYS_CmdEvtNot
                0x0000000008004aac       0x18 ./Middlewares/ST/STM32_WPAN/interface/patterns/ble_thread/tl/tl_mbox.o
                0x0000000008004aac                HW_IPCC_SYS_CmdEvtNot
 .text.HW_IPCC_SYS_EvtNot
                0x0000000008004ac4       0x2c ./Middlewares/ST/STM32_WPAN/interface/patterns/ble_thread/tl/tl_mbox.o
                0x0000000008004ac4                HW_IPCC_SYS_EvtNot
 .text.TL_MM_Init
                0x0000000008004af0       0x40 ./Middlewares/ST/STM32_WPAN/interface/patterns/ble_thread/tl/tl_mbox.o
                0x0000000008004af0                TL_MM_Init
 .text.TL_MM_EvtDone
                0x0000000008004b30       0x1c ./Middlewares/ST/STM32_WPAN/interface/patterns/ble_thread/tl/tl_mbox.o
                0x0000000008004b30                TL_MM_EvtDone
 .text.TL_TRACES_Init
                0x0000000008004b4c       0x20 ./Middlewares/ST/STM32_WPAN/interface/patterns/ble_thread/tl/tl_mbox.o
                0x0000000008004b4c                TL_TRACES_Init
 .text.TL_TRACES_EvtReceived
                0x0000000008004b6c        0x2 ./Middlewares/ST/STM32_WPAN/interface/patterns/ble_thread/tl/tl_mbox.o
                0x0000000008004b6c                TL_TRACES_EvtReceived
 *fill*         0x0000000008004b6e        0x2 
 .text.HW_IPCC_TRACES_EvtNot
                0x0000000008004b70       0x24 ./Middlewares/ST/STM32_WPAN/interface/patterns/ble_thread/tl/tl_mbox.o
                0x0000000008004b70                HW_IPCC_TRACES_EvtNot
 .text.OTP_Read
                0x0000000008004b94       0x20 ./Middlewares/ST/STM32_WPAN/utilities/otp.o
                0x0000000008004b94                OTP_Read
 .text.LST_init_head
                0x0000000008004bb4        0x6 ./Middlewares/ST/STM32_WPAN/utilities/stm_list.o
                0x0000000008004bb4                LST_init_head
 .text.LST_is_empty
                0x0000000008004bba       0x14 ./Middlewares/ST/STM32_WPAN/utilities/stm_list.o
                0x0000000008004bba                LST_is_empty
 .text.LST_insert_head
                0x0000000008004bce       0x18 ./Middlewares/ST/STM32_WPAN/utilities/stm_list.o
                0x0000000008004bce                LST_insert_head
 .text.LST_insert_tail
                0x0000000008004be6       0x18 ./Middlewares/ST/STM32_WPAN/utilities/stm_list.o
                0x0000000008004be6                LST_insert_tail
 .text.LST_remove_node
                0x0000000008004bfe       0x16 ./Middlewares/ST/STM32_WPAN/utilities/stm_list.o
                0x0000000008004bfe                LST_remove_node
 .text.LST_remove_head
                0x0000000008004c14       0x18 ./Middlewares/ST/STM32_WPAN/utilities/stm_list.o
                0x0000000008004c14                LST_remove_head
 .text.Adv_Cancel
                0x0000000008004c2c       0x1c ./STM32_WPAN/App/app_ble.o
 .text.BLE_UserEvtRx
                0x0000000008004c48       0x16 ./STM32_WPAN/App/app_ble.o
 .text.BLE_StatusNot
                0x0000000008004c5e       0x14 ./STM32_WPAN/App/app_ble.o
 *fill*         0x0000000008004c72        0x2 
 .text.Adv_Request.constprop.0
                0x0000000008004c74       0x3c ./STM32_WPAN/App/app_ble.o
 .text.APP_BLE_Init
                0x0000000008004cb0      0x1b8 ./STM32_WPAN/App/app_ble.o
                0x0000000008004cb0                APP_BLE_Init
 .text.SVCCTL_App_Notification
                0x0000000008004e68       0x98 ./STM32_WPAN/App/app_ble.o
                0x0000000008004e68                SVCCTL_App_Notification
 .text.hci_notify_asynch_evt
                0x0000000008004f00        0x8 ./STM32_WPAN/App/app_ble.o
                0x0000000008004f00                hci_notify_asynch_evt
 .text.hci_cmd_resp_release
                0x0000000008004f08        0x6 ./STM32_WPAN/App/app_ble.o
                0x0000000008004f08                hci_cmd_resp_release
 .text.hci_cmd_resp_wait
                0x0000000008004f0e        0x6 ./STM32_WPAN/App/app_ble.o
                0x0000000008004f0e                hci_cmd_resp_wait
 .text.myTask   0x0000000008004f14       0x20 ./STM32_WPAN/App/custom_app.o
                0x0000000008004f14                myTask
 .text.Custom_STM_App_Notification
                0x0000000008004f34        0x2 ./STM32_WPAN/App/custom_app.o
                0x0000000008004f34                Custom_STM_App_Notification
 .text.Custom_APP_Notification
                0x0000000008004f36        0x2 ./STM32_WPAN/App/custom_app.o
                0x0000000008004f36                Custom_APP_Notification
 .text.Custom_APP_Init
                0x0000000008004f38        0x2 ./STM32_WPAN/App/custom_app.o
                0x0000000008004f38                Custom_APP_Init
 *fill*         0x0000000008004f3a        0x2 
 .text.Custom_STM_Event_Handler
                0x0000000008004f3c       0x54 ./STM32_WPAN/App/custom_stm.o
 .text.SVCCTL_InitCustomSvc
                0x0000000008004f90      0x198 ./STM32_WPAN/App/custom_stm.o
                0x0000000008004f90                SVCCTL_InitCustomSvc
 .text.HW_IPCC_Enable
                0x0000000008005128       0x50 ./STM32_WPAN/Target/hw_ipcc.o
                0x0000000008005128                HW_IPCC_Enable
 .text.HW_IPCC_Init
                0x0000000008005178       0x40 ./STM32_WPAN/Target/hw_ipcc.o
                0x0000000008005178                HW_IPCC_Init
 .text.HW_IPCC_BLE_Init
                0x00000000080051b8       0x10 ./STM32_WPAN/Target/hw_ipcc.o
                0x00000000080051b8                HW_IPCC_BLE_Init
 .text.HW_IPCC_BLE_SendCmd
                0x00000000080051c8       0x10 ./STM32_WPAN/Target/hw_ipcc.o
                0x00000000080051c8                HW_IPCC_BLE_SendCmd
 .text.HW_IPCC_SYS_Init
                0x00000000080051d8       0x10 ./STM32_WPAN/Target/hw_ipcc.o
                0x00000000080051d8                HW_IPCC_SYS_Init
 .text.HW_IPCC_SYS_SendCmd
                0x00000000080051e8       0x18 ./STM32_WPAN/Target/hw_ipcc.o
                0x00000000080051e8                HW_IPCC_SYS_SendCmd
 .text.HW_IPCC_Tx_Handler
                0x0000000008005200       0x64 ./STM32_WPAN/Target/hw_ipcc.o
                0x0000000008005200                HW_IPCC_Tx_Handler
 .text.HW_IPCC_MM_SendFreeBuf
                0x0000000008005264       0x2c ./STM32_WPAN/Target/hw_ipcc.o
                0x0000000008005264                HW_IPCC_MM_SendFreeBuf
 .text.HW_IPCC_TRACES_Init
                0x0000000008005290       0x10 ./STM32_WPAN/Target/hw_ipcc.o
                0x0000000008005290                HW_IPCC_TRACES_Init
 .text.HW_IPCC_Rx_Handler
                0x00000000080052a0       0x48 ./STM32_WPAN/Target/hw_ipcc.o
                0x00000000080052a0                HW_IPCC_Rx_Handler
 .text.UTIL_LPM_Init
                0x00000000080052e8       0x14 ./Utilities/lpm/tiny_lpm/stm32_lpm.o
                0x00000000080052e8                UTIL_LPM_Init
 .text.UTIL_LPM_SetOffMode
                0x00000000080052fc       0x2c ./Utilities/lpm/tiny_lpm/stm32_lpm.o
                0x00000000080052fc                UTIL_LPM_SetOffMode
 .text.UTIL_SEQ_SetTask
                0x0000000008005328       0x2c ./Utilities/sequencer/stm32_seq.o
                0x0000000008005328                UTIL_SEQ_SetTask
 .text.UTIL_SEQ_PauseTask
                0x0000000008005354       0x1c ./Utilities/sequencer/stm32_seq.o
                0x0000000008005354                UTIL_SEQ_PauseTask
 .text.UTIL_SEQ_ResumeTask
                0x0000000008005370       0x18 ./Utilities/sequencer/stm32_seq.o
                0x0000000008005370                UTIL_SEQ_ResumeTask
 .text.UTIL_SEQ_SetEvt
                0x0000000008005388       0x18 ./Utilities/sequencer/stm32_seq.o
                0x0000000008005388                UTIL_SEQ_SetEvt
 .text.UTIL_SEQ_PreIdle
                0x00000000080053a0        0x2 ./Utilities/sequencer/stm32_seq.o
                0x00000000080053a0                UTIL_SEQ_PreIdle
 .text.UTIL_SEQ_PostIdle
                0x00000000080053a2        0x2 ./Utilities/sequencer/stm32_seq.o
                0x00000000080053a2                UTIL_SEQ_PostIdle
 .text.SEQ_BitPosition
                0x00000000080053a4       0x40 ./Utilities/sequencer/stm32_seq.o
                0x00000000080053a4                SEQ_BitPosition
 .text.UTIL_SEQ_Run
                0x00000000080053e4      0x128 ./Utilities/sequencer/stm32_seq.o
                0x00000000080053e4                UTIL_SEQ_Run
 .text.UTIL_SEQ_WaitEvt
                0x000000000800550c       0x64 ./Utilities/sequencer/stm32_seq.o
                0x000000000800550c                UTIL_SEQ_WaitEvt
 .text.UTIL_SEQ_RegTask
                0x0000000008005570       0x20 ./Utilities/sequencer/stm32_seq.o
                0x0000000008005570                UTIL_SEQ_RegTask
 .text.__libc_init_array
                0x0000000008005590       0x48 c:/st/stm32cubeide_1.12.1/stm32cubeide/plugins/com.st.stm32cube.ide.mcu.externaltools.gnu-tools-for-stm32.10.3-2021.10.win32_1.0.200.202301161003/tools/bin/../lib/gcc/arm-none-eabi/10.3.1/../../../../arm-none-eabi/lib/thumb/v7e-m+fp/hard\libc_nano.a(lib_a-init.o)
                0x0000000008005590                __libc_init_array
 .text.memcpy   0x00000000080055d8       0x1c c:/st/stm32cubeide_1.12.1/stm32cubeide/plugins/com.st.stm32cube.ide.mcu.externaltools.gnu-tools-for-stm32.10.3-2021.10.win32_1.0.200.202301161003/tools/bin/../lib/gcc/arm-none-eabi/10.3.1/../../../../arm-none-eabi/lib/thumb/v7e-m+fp/hard\libc_nano.a(lib_a-memcpy-stub.o)
                0x00000000080055d8                memcpy
 .text.memset   0x00000000080055f4       0x10 c:/st/stm32cubeide_1.12.1/stm32cubeide/plugins/com.st.stm32cube.ide.mcu.externaltools.gnu-tools-for-stm32.10.3-2021.10.win32_1.0.200.202301161003/tools/bin/../lib/gcc/arm-none-eabi/10.3.1/../../../../arm-none-eabi/lib/thumb/v7e-m+fp/hard\libc_nano.a(lib_a-memset.o)
                0x00000000080055f4                memset
 *(.glue_7)
 .glue_7        0x0000000008005604        0x0 linker stubs
 *(.glue_7t)
 .glue_7t       0x0000000008005604        0x0 linker stubs
 *(.eh_frame)
 .eh_frame      0x0000000008005604        0x0 c:/st/stm32cubeide_1.12.1/stm32cubeide/plugins/com.st.stm32cube.ide.mcu.externaltools.gnu-tools-for-stm32.10.3-2021.10.win32_1.0.200.202301161003/tools/bin/../lib/gcc/arm-none-eabi/10.3.1/thumb/v7e-m+fp/hard/crtbegin.o
 *(.init)
 .init          0x0000000008005604        0x4 c:/st/stm32cubeide_1.12.1/stm32cubeide/plugins/com.st.stm32cube.ide.mcu.externaltools.gnu-tools-for-stm32.10.3-2021.10.win32_1.0.200.202301161003/tools/bin/../lib/gcc/arm-none-eabi/10.3.1/thumb/v7e-m+fp/hard/crti.o
                0x0000000008005604                _init
 .init          0x0000000008005608        0x8 c:/st/stm32cubeide_1.12.1/stm32cubeide/plugins/com.st.stm32cube.ide.mcu.externaltools.gnu-tools-for-stm32.10.3-2021.10.win32_1.0.200.202301161003/tools/bin/../lib/gcc/arm-none-eabi/10.3.1/thumb/v7e-m+fp/hard/crtn.o
 *(.fini)
 .fini          0x0000000008005610        0x4 c:/st/stm32cubeide_1.12.1/stm32cubeide/plugins/com.st.stm32cube.ide.mcu.externaltools.gnu-tools-for-stm32.10.3-2021.10.win32_1.0.200.202301161003/tools/bin/../lib/gcc/arm-none-eabi/10.3.1/thumb/v7e-m+fp/hard/crti.o
                0x0000000008005610                _fini
 .fini          0x0000000008005614        0x8 c:/st/stm32cubeide_1.12.1/stm32cubeide/plugins/com.st.stm32cube.ide.mcu.externaltools.gnu-tools-for-stm32.10.3-2021.10.win32_1.0.200.202301161003/tools/bin/../lib/gcc/arm-none-eabi/10.3.1/thumb/v7e-m+fp/hard/crtn.o
                0x000000000800561c                . = ALIGN (0x4)
                0x000000000800561c                _etext = .

.vfp11_veneer   0x000000000800561c        0x0
 .vfp11_veneer  0x000000000800561c        0x0 linker stubs

.v4_bx          0x000000000800561c        0x0
 .v4_bx         0x000000000800561c        0x0 linker stubs

.iplt           0x000000000800561c        0x0
 .iplt          0x000000000800561c        0x0 c:/st/stm32cubeide_1.12.1/stm32cubeide/plugins/com.st.stm32cube.ide.mcu.externaltools.gnu-tools-for-stm32.10.3-2021.10.win32_1.0.200.202301161003/tools/bin/../lib/gcc/arm-none-eabi/10.3.1/thumb/v7e-m+fp/hard/crtbegin.o

.rodata         0x000000000800561c      0x2a8
                0x000000000800561c                . = ALIGN (0x4)
 *(.rodata)
 .rodata        0x000000000800561c       0x1b ./Core/Src/app_debug.o
 *fill*         0x0000000008005637        0x1 
 .rodata        0x0000000008005638       0x20 ./Drivers/STM32WBxx_HAL_Driver/Src/stm32wbxx_hal_rcc.o
 .rodata        0x0000000008005658       0x3a ./STM32_WPAN/App/app_ble.o
 *(.rodata*)
 .rodata.aGpioConfigList
                0x0000000008005692      0x130 ./Core/Src/app_debug.o
 *fill*         0x00000000080057c2        0x2 
 .rodata.AHBPrescTable
                0x00000000080057c4       0x40 ./Core/Src/system_stm32wbxx.o
                0x00000000080057c4                AHBPrescTable
 .rodata.MSIRangeTable
                0x0000000008005804       0x40 ./Core/Src/system_stm32wbxx.o
                0x0000000008005804                MSIRangeTable
 .rodata.mcp2515_bufffers_init
                0x0000000008005844       0x40 ./Drivers/CAN_SPI_MCP2515/mcp2515.o
                0x0000000008005844                mcp2515_bufffers_init
 .rodata.APP_BLE_Init.str1.1
                0x0000000008005884        0x9 ./STM32_WPAN/App/app_ble.o
 .rodata.a_BLE_CfgErValue
                0x000000000800588d       0x10 ./STM32_WPAN/App/app_ble.o
 .rodata.a_BLE_CfgIrValue
                0x000000000800589d       0x10 ./STM32_WPAN/App/app_ble.o
 .rodata.a_MBdAddr
                0x00000000080058ad        0x6 ./STM32_WPAN/App/app_ble.o
 .rodata.SEQ_clz_table_4bit
                0x00000000080058b3       0x10 ./Utilities/sequencer/stm32_seq.o
                0x00000000080058b3                SEQ_clz_table_4bit
                0x00000000080058c4                . = ALIGN (0x4)
 *fill*         0x00000000080058c3        0x1 

.rel.dyn        0x00000000080058c4        0x0
 .rel.iplt      0x00000000080058c4        0x0 c:/st/stm32cubeide_1.12.1/stm32cubeide/plugins/com.st.stm32cube.ide.mcu.externaltools.gnu-tools-for-stm32.10.3-2021.10.win32_1.0.200.202301161003/tools/bin/../lib/gcc/arm-none-eabi/10.3.1/thumb/v7e-m+fp/hard/crtbegin.o

.ARM.extab
 *(.ARM.extab* .gnu.linkonce.armextab.*)

.ARM            0x00000000080058c4        0x0
                0x00000000080058c4                __exidx_start = .
 *(.ARM.exidx*)
                0x00000000080058c4                __exidx_end = .

.preinit_array  0x00000000080058c4        0x0
                0x00000000080058c4                PROVIDE (__preinit_array_start = .)
 *(.preinit_array*)
                0x00000000080058c4                PROVIDE (__preinit_array_end = .)

.init_array     0x00000000080058c4        0x4
                0x00000000080058c4                PROVIDE (__init_array_start = .)
 *(SORT_BY_NAME(.init_array.*))
 *(.init_array*)
 .init_array    0x00000000080058c4        0x4 c:/st/stm32cubeide_1.12.1/stm32cubeide/plugins/com.st.stm32cube.ide.mcu.externaltools.gnu-tools-for-stm32.10.3-2021.10.win32_1.0.200.202301161003/tools/bin/../lib/gcc/arm-none-eabi/10.3.1/thumb/v7e-m+fp/hard/crtbegin.o
                0x00000000080058c8                PROVIDE (__init_array_end = .)

.fini_array     0x00000000080058c8        0x4
                [!provide]                        PROVIDE (__fini_array_start = .)
 *(SORT_BY_NAME(.fini_array.*))
 *(.fini_array*)
 .fini_array    0x00000000080058c8        0x4 c:/st/stm32cubeide_1.12.1/stm32cubeide/plugins/com.st.stm32cube.ide.mcu.externaltools.gnu-tools-for-stm32.10.3-2021.10.win32_1.0.200.202301161003/tools/bin/../lib/gcc/arm-none-eabi/10.3.1/thumb/v7e-m+fp/hard/crtbegin.o
                [!provide]                        PROVIDE (__fini_array_end = .)
                0x00000000080058cc                _sidata = LOADADDR (.data)

.data           0x0000000020000008       0x58 load address 0x00000000080058cc
                0x0000000020000008                . = ALIGN (0x4)
                0x0000000020000008                _sdata = .
 *(.data)
 *(.data*)
 .data.TxDataAdrr
                0x0000000020000008        0x8 ./Core/Src/main.o
                0x0000000020000008                TxDataAdrr
 .data.count_master
                0x0000000020000010        0x1 ./Core/Src/main.o
                0x0000000020000010                count_master
 *fill*         0x0000000020000011        0x3 
 .data.debounceDelay
                0x0000000020000014        0x4 ./Core/Src/main.o
                0x0000000020000014                debounceDelay
 .data.lastButtonState2
                0x0000000020000018        0x4 ./Core/Src/main.o
                0x0000000020000018                lastButtonState2
 .data.lastButtonState3
                0x000000002000001c        0x4 ./Core/Src/main.o
                0x000000002000001c                lastButtonState3
 .data.SystemCoreClock
                0x0000000020000020        0x4 ./Core/Src/system_stm32wbxx.o
                0x0000000020000020                SystemCoreClock
 .data.close_cmd_data
                0x0000000020000024       0x10 ./Drivers/CAN_SPI_MCP2515/CAN_TxRx.o
                0x0000000020000024                close_cmd_data
 .data.open_cmd_data
                0x0000000020000034       0x10 ./Drivers/CAN_SPI_MCP2515/CAN_TxRx.o
                0x0000000020000034                open_cmd_data
 .data.uwTickFreq
                0x0000000020000044        0x1 ./Drivers/STM32WBxx_HAL_Driver/Src/stm32wbxx_hal.o
                0x0000000020000044                uwTickFreq
 *fill*         0x0000000020000045        0x3 
 .data.uwTickPrio
                0x0000000020000048        0x4 ./Drivers/STM32WBxx_HAL_Driver/Src/stm32wbxx_hal.o
                0x0000000020000048                uwTickPrio
 .data.a_AdvData
                0x000000002000004c        0xa ./STM32_WPAN/App/app_ble.o
                0x000000002000004c                a_AdvData
 .data.SizeVgsicharwrite
                0x0000000020000056        0x1 ./STM32_WPAN/App/custom_stm.o
                0x0000000020000056                SizeVgsicharwrite
 .data.SizeVgsizeitread
                0x0000000020000057        0x1 ./STM32_WPAN/App/custom_stm.o
                0x0000000020000057                SizeVgsizeitread
 .data.SuperMask
                0x0000000020000058        0x4 ./Utilities/sequencer/stm32_seq.o
 .data.TaskMask
                0x000000002000005c        0x4 ./Utilities/sequencer/stm32_seq.o
 *(.RamFunc)
 *(.RamFunc*)
                0x0000000020000060                . = ALIGN (0x4)
                0x0000000020000060                _edata = .

.igot.plt       0x0000000020000060        0x0 load address 0x0000000008005924
 .igot.plt      0x0000000020000060        0x0 c:/st/stm32cubeide_1.12.1/stm32cubeide/plugins/com.st.stm32cube.ide.mcu.externaltools.gnu-tools-for-stm32.10.3-2021.10.win32_1.0.200.202301161003/tools/bin/../lib/gcc/arm-none-eabi/10.3.1/thumb/v7e-m+fp/hard/crtbegin.o

MB_MEM2         0x0000000020000060      0x883 load address 0x0000000008005924
 MB_MEM2        0x0000000020000060       0x14 ./Core/Src/app_debug.o
 MB_MEM2        0x0000000020000074      0x860 ./Core/Src/app_entry.o
 MB_MEM2        0x00000000200008d4        0xf ./Middlewares/ST/STM32_WPAN/interface/patterns/ble_thread/tl/tl_mbox.o

BLE_DRIVER_CONTEXT
                0x00000000200008e4       0x32 load address 0x00000000080061a7
 BLE_DRIVER_CONTEXT
                0x00000000200008e4       0x21 ./Middlewares/ST/STM32_WPAN/ble/svc/Src/svc_ctl.o
                0x00000000200008e4                SVCCTL_EvtHandler
                0x0000000020000904                SVCCTL_CltHandler
 *fill*         0x0000000020000905        0x3 
 BLE_DRIVER_CONTEXT
                0x0000000020000908        0xe ./Middlewares/ST/STM32_WPAN/interface/patterns/ble_thread/tl/hci_tl.o
                0x0000000020000914                UserEventFlow

SYSTEM_DRIVER_CONTEXT
                0x0000000020000918       0x11 load address 0x00000000080061d9
 SYSTEM_DRIVER_CONTEXT
                0x0000000020000918       0x11 ./Middlewares/ST/STM32_WPAN/interface/patterns/ble_thread/tl/shci_tl.o
                0x0000000020000928                SHCI_TL_UserEventFlow
                0x000000002000092c                . = ALIGN (0x4)

.bss            0x000000002000092c      0x690 load address 0x00000000080061ea
                0x000000002000092c                _sbss = .
                0x000000002000092c                __bss_start__ = _sbss
 *(.bss)
 .bss           0x000000002000092c       0x1c c:/st/stm32cubeide_1.12.1/stm32cubeide/plugins/com.st.stm32cube.ide.mcu.externaltools.gnu-tools-for-stm32.10.3-2021.10.win32_1.0.200.202301161003/tools/bin/../lib/gcc/arm-none-eabi/10.3.1/thumb/v7e-m+fp/hard/crtbegin.o
 *(.bss*)
 .bss.AsynchPrescalerUserConfig
                0x0000000020000948        0x1 ./Core/Src/hw_timerserver.o
 .bss.CurrentRunningTimerID
                0x0000000020000949        0x1 ./Core/Src/hw_timerserver.o
 .bss.MaxWakeupTimerSetup
                0x000000002000094a        0x2 ./Core/Src/hw_timerserver.o
 .bss.PreviousRunningTimerID
                0x000000002000094c        0x1 ./Core/Src/hw_timerserver.o
 *fill*         0x000000002000094d        0x3 
 .bss.SSRValueOnLastSetup
                0x0000000020000950        0x4 ./Core/Src/hw_timerserver.o
 .bss.SynchPrescalerUserConfig
                0x0000000020000954        0x2 ./Core/Src/hw_timerserver.o
 .bss.WakeupTimerDivider
                0x0000000020000956        0x1 ./Core/Src/hw_timerserver.o
 .bss.WakeupTimerLimitation
                0x0000000020000957        0x1 ./Core/Src/hw_timerserver.o
 .bss.aTimerContext
                0x0000000020000958       0x90 ./Core/Src/hw_timerserver.o
 .bss.CAN_rx    0x00000000200009e8        0x4 ./Core/Src/main.o
                0x00000000200009e8                CAN_rx
 .bss.Master_EMS
                0x00000000200009ec       0x2c ./Core/Src/main.o
                0x00000000200009ec                Master_EMS
 .bss.TxBufferData_SPI1
                0x0000000020000a18        0x8 ./Core/Src/main.o
                0x0000000020000a18                TxBufferData_SPI1
 .bss.TxBufferData_SPI2
                0x0000000020000a20        0x8 ./Core/Src/main.o
                0x0000000020000a20                TxBufferData_SPI2
 .bss.base_adr  0x0000000020000a28        0x1 ./Core/Src/main.o
                0x0000000020000a28                base_adr
 *fill*         0x0000000020000a29        0x3 
 .bss.buttonState2
                0x0000000020000a2c        0x4 ./Core/Src/main.o
                0x0000000020000a2c                buttonState2
 .bss.buttonState3
                0x0000000020000a30        0x4 ./Core/Src/main.o
                0x0000000020000a30                buttonState3
 .bss.can_intf  0x0000000020000a34        0x1 ./Core/Src/main.o
                0x0000000020000a34                can_intf
 .bss.can_intf_clr
                0x0000000020000a35        0x1 ./Core/Src/main.o
                0x0000000020000a35                can_intf_clr
 *fill*         0x0000000020000a36        0x2 
 .bss.data_flag
                0x0000000020000a38        0x4 ./Core/Src/main.o
                0x0000000020000a38                data_flag
 .bss.hdma_usart1_rx
                0x0000000020000a3c       0x60 ./Core/Src/main.o
                0x0000000020000a3c                hdma_usart1_rx
 .bss.hdma_usart1_tx
                0x0000000020000a9c       0x60 ./Core/Src/main.o
                0x0000000020000a9c                hdma_usart1_tx
 .bss.hipcc     0x0000000020000afc       0x3c ./Core/Src/main.o
                0x0000000020000afc                hipcc
 .bss.hrtc      0x0000000020000b38       0x24 ./Core/Src/main.o
                0x0000000020000b38                hrtc
 .bss.hspi1     0x0000000020000b5c       0x64 ./Core/Src/main.o
                0x0000000020000b5c                hspi1
 .bss.hspi2     0x0000000020000bc0       0x64 ./Core/Src/main.o
                0x0000000020000bc0                hspi2
 .bss.huart1    0x0000000020000c24       0x94 ./Core/Src/main.o
                0x0000000020000c24                huart1
 .bss.lastDebounceTime2
                0x0000000020000cb8        0x4 ./Core/Src/main.o
                0x0000000020000cb8                lastDebounceTime2
 .bss.lastDebounceTime3
                0x0000000020000cbc        0x4 ./Core/Src/main.o
                0x0000000020000cbc                lastDebounceTime3
 .bss.now       0x0000000020000cc0        0x4 ./Core/Src/main.o
                0x0000000020000cc0                now
 .bss.rxLength  0x0000000020000cc4        0x1 ./Core/Src/main.o
                0x0000000020000cc4                rxLength
 *fill*         0x0000000020000cc5        0x1 
 .bss.rx_done   0x0000000020000cc6        0x2 ./Core/Src/main.o
                0x0000000020000cc6                rx_done
 .bss.rx_id     0x0000000020000cc8        0x2 ./Core/Src/main.o
                0x0000000020000cc8                rx_id
 .bss.rx_sidh   0x0000000020000cca        0x1 ./Core/Src/main.o
                0x0000000020000cca                rx_sidh
 .bss.rx_sidl   0x0000000020000ccb        0x1 ./Core/Src/main.o
                0x0000000020000ccb                rx_sidl
 .bss.send      0x0000000020000ccc        0x4 ./Core/Src/main.o
                0x0000000020000ccc                send
 .bss.send_close
                0x0000000020000cd0        0x4 ./Core/Src/main.o
                0x0000000020000cd0                send_close
 .bss.send_open
                0x0000000020000cd4        0x4 ./Core/Src/main.o
                0x0000000020000cd4                send_open
 .bss.start_tx  0x0000000020000cd8        0x4 ./Core/Src/main.o
                0x0000000020000cd8                start_tx
 .bss.status    0x0000000020000cdc        0x1 ./Core/Src/main.o
                0x0000000020000cdc                status
 *fill*         0x0000000020000cdd        0x3 
 .bss.sw2_count
                0x0000000020000ce0        0x4 ./Core/Src/main.o
                0x0000000020000ce0                sw2_count
 .bss.sw3_count
                0x0000000020000ce4        0x4 ./Core/Src/main.o
                0x0000000020000ce4                sw3_count
 .bss.then      0x0000000020000ce8        0x4 ./Core/Src/main.o
                0x0000000020000ce8                then
 .bss.tx_close_door
                0x0000000020000cec        0x4 ./Core/Src/main.o
                0x0000000020000cec                tx_close_door
 .bss.tx_done   0x0000000020000cf0        0x2 ./Core/Src/main.o
                0x0000000020000cf0                tx_done
 *fill*         0x0000000020000cf2        0x2 
 .bss.tx_open_door
                0x0000000020000cf4        0x4 ./Core/Src/main.o
                0x0000000020000cf4                tx_open_door
 .bss.Master    0x0000000020000cf8       0x20 ./Drivers/CAN_SPI_MCP2515/CAN_TxRx.o
                0x0000000020000cf8                Master
 .bss.uwTick    0x0000000020000d18        0x4 ./Drivers/STM32WBxx_HAL_Driver/Src/stm32wbxx_hal.o
                0x0000000020000d18                uwTick
 .bss.HciCmdEventQueue
                0x0000000020000d1c        0x8 ./Middlewares/ST/STM32_WPAN/interface/patterns/ble_thread/tl/hci_tl.o
 .bss.StatusNotCallBackFunction
                0x0000000020000d24        0x4 ./Middlewares/ST/STM32_WPAN/interface/patterns/ble_thread/tl/hci_tl.o
 .bss.hciContext
                0x0000000020000d28       0x20 ./Middlewares/ST/STM32_WPAN/interface/patterns/ble_thread/tl/hci_tl.o
 .bss.StatusNotCallBackFunction
                0x0000000020000d48        0x4 ./Middlewares/ST/STM32_WPAN/interface/patterns/ble_thread/tl/shci_tl.o
 .bss.shciContext
                0x0000000020000d4c       0x20 ./Middlewares/ST/STM32_WPAN/interface/patterns/ble_thread/tl/shci_tl.o
 .bss.BLE_IoBusAclDataTxAck
                0x0000000020000d6c        0x4 ./Middlewares/ST/STM32_WPAN/interface/patterns/ble_thread/tl/tl_mbox.o
 .bss.BLE_IoBusEvtCallBackFunction
                0x0000000020000d70        0x4 ./Middlewares/ST/STM32_WPAN/interface/patterns/ble_thread/tl/tl_mbox.o
 .bss.LocalFreeBufQueue
                0x0000000020000d74        0x8 ./Middlewares/ST/STM32_WPAN/interface/patterns/ble_thread/tl/tl_mbox.o
 .bss.SYS_CMD_IoBusCallBackFunction
                0x0000000020000d7c        0x4 ./Middlewares/ST/STM32_WPAN/interface/patterns/ble_thread/tl/tl_mbox.o
 .bss.SYS_EVT_IoBusCallBackFunction
                0x0000000020000d80        0x4 ./Middlewares/ST/STM32_WPAN/interface/patterns/ble_thread/tl/tl_mbox.o
 .bss.BleApplicationContext
                0x0000000020000d84       0x84 ./STM32_WPAN/App/app_ble.o
 .bss.HandleNotification
                0x0000000020000e08        0x4 ./STM32_WPAN/App/app_ble.o
                0x0000000020000e08                HandleNotification
 .bss.a_BdAddrUdn
                0x0000000020000e0c        0x6 ./STM32_WPAN/App/app_ble.o
 .bss.UpdateCharData
                0x0000000020000e12       0xf7 ./STM32_WPAN/App/custom_app.o
                0x0000000020000e12                UpdateCharData
 *fill*         0x0000000020000f09        0x1 
 .bss.CustomContext
                0x0000000020000f0a        0x6 ./STM32_WPAN/App/custom_stm.o
 .bss.FreeBufCb
                0x0000000020000f10        0x4 ./STM32_WPAN/Target/hw_ipcc.o
 .bss.OffModeDisable
                0x0000000020000f14        0x4 ./Utilities/lpm/tiny_lpm/stm32_lpm.o
 .bss.StopModeDisable
                0x0000000020000f18        0x4 ./Utilities/lpm/tiny_lpm/stm32_lpm.o
 .bss.CurrentTaskIdx
                0x0000000020000f1c        0x4 ./Utilities/sequencer/stm32_seq.o
 .bss.EvtSet    0x0000000020000f20        0x4 ./Utilities/sequencer/stm32_seq.o
 .bss.EvtWaited
                0x0000000020000f24        0x4 ./Utilities/sequencer/stm32_seq.o
 .bss.TaskCb    0x0000000020000f28       0x80 ./Utilities/sequencer/stm32_seq.o
 .bss.TaskPrio  0x0000000020000fa8       0x10 ./Utilities/sequencer/stm32_seq.o
 .bss.TaskSet   0x0000000020000fb8        0x4 ./Utilities/sequencer/stm32_seq.o
 *(COMMON)
                0x0000000020000fbc                . = ALIGN (0x4)
                0x0000000020000fbc                _ebss = .
                0x0000000020000fbc                __bss_end__ = _ebss

._user_heap_stack
                0x0000000020000fbc      0x604 load address 0x00000000080061ea
                0x0000000020000fc0                . = ALIGN (0x8)
 *fill*         0x0000000020000fbc        0x4 
                [!provide]                        PROVIDE (end = .)
                0x0000000020000fc0                PROVIDE (_end = .)
                0x00000000200011c0                . = (. + _Min_Heap_Size)
 *fill*         0x0000000020000fc0      0x200 
                0x00000000200015c0                . = (. + _Min_Stack_Size)
 *fill*         0x00000000200011c0      0x400 
                0x00000000200015c0                . = ALIGN (0x8)

/DISCARD/
 libc.a(*)
 libm.a(*)
 libgcc.a(*)

.ARM.attributes
                0x0000000000000000       0x30
 *(.ARM.attributes)
 .ARM.attributes
                0x0000000000000000       0x1e c:/st/stm32cubeide_1.12.1/stm32cubeide/plugins/com.st.stm32cube.ide.mcu.externaltools.gnu-tools-for-stm32.10.3-2021.10.win32_1.0.200.202301161003/tools/bin/../lib/gcc/arm-none-eabi/10.3.1/thumb/v7e-m+fp/hard/crti.o
 .ARM.attributes
                0x000000000000001e       0x34 c:/st/stm32cubeide_1.12.1/stm32cubeide/plugins/com.st.stm32cube.ide.mcu.externaltools.gnu-tools-for-stm32.10.3-2021.10.win32_1.0.200.202301161003/tools/bin/../lib/gcc/arm-none-eabi/10.3.1/thumb/v7e-m+fp/hard/crtbegin.o
 .ARM.attributes
                0x0000000000000052       0x34 ./Core/Src/app_debug.o
 .ARM.attributes
                0x0000000000000086       0x34 ./Core/Src/app_entry.o
 .ARM.attributes
                0x00000000000000ba       0x34 ./Core/Src/hw_timerserver.o
 .ARM.attributes
                0x00000000000000ee       0x34 ./Core/Src/main.o
 .ARM.attributes
                0x0000000000000122       0x34 ./Core/Src/stm32wbxx_hal_msp.o
 .ARM.attributes
                0x0000000000000156       0x34 ./Core/Src/stm32wbxx_it.o
 .ARM.attributes
                0x000000000000018a       0x34 ./Core/Src/system_stm32wbxx.o
 .ARM.attributes
                0x00000000000001be       0x21 ./Core/Startup/startup_stm32wb55rgvx.o
 .ARM.attributes
                0x00000000000001df       0x34 ./Drivers/CAN_SPI_MCP2515/CAN_TxRx.o
 .ARM.attributes
                0x0000000000000213       0x34 ./Drivers/CAN_SPI_MCP2515/mcp2515.o
 .ARM.attributes
                0x0000000000000247       0x34 ./Drivers/STM32WBxx_HAL_Driver/Src/stm32wbxx_hal.o
 .ARM.attributes
                0x000000000000027b       0x34 ./Drivers/STM32WBxx_HAL_Driver/Src/stm32wbxx_hal_cortex.o
 .ARM.attributes
                0x00000000000002af       0x34 ./Drivers/STM32WBxx_HAL_Driver/Src/stm32wbxx_hal_dma.o
 .ARM.attributes
                0x00000000000002e3       0x34 ./Drivers/STM32WBxx_HAL_Driver/Src/stm32wbxx_hal_gpio.o
 .ARM.attributes
                0x0000000000000317       0x34 ./Drivers/STM32WBxx_HAL_Driver/Src/stm32wbxx_hal_hsem.o
 .ARM.attributes
                0x000000000000034b       0x34 ./Drivers/STM32WBxx_HAL_Driver/Src/stm32wbxx_hal_ipcc.o
 .ARM.attributes
                0x000000000000037f       0x34 ./Drivers/STM32WBxx_HAL_Driver/Src/stm32wbxx_hal_pwr.o
 .ARM.attributes
                0x00000000000003b3       0x34 ./Drivers/STM32WBxx_HAL_Driver/Src/stm32wbxx_hal_pwr_ex.o
 .ARM.attributes
                0x00000000000003e7       0x34 ./Drivers/STM32WBxx_HAL_Driver/Src/stm32wbxx_hal_rcc.o
 .ARM.attributes
                0x000000000000041b       0x34 ./Drivers/STM32WBxx_HAL_Driver/Src/stm32wbxx_hal_rcc_ex.o
 .ARM.attributes
                0x000000000000044f       0x34 ./Drivers/STM32WBxx_HAL_Driver/Src/stm32wbxx_hal_rtc.o
 .ARM.attributes
                0x0000000000000483       0x34 ./Drivers/STM32WBxx_HAL_Driver/Src/stm32wbxx_hal_rtc_ex.o
 .ARM.attributes
                0x00000000000004b7       0x34 ./Drivers/STM32WBxx_HAL_Driver/Src/stm32wbxx_hal_spi.o
 .ARM.attributes
                0x00000000000004eb       0x34 ./Drivers/STM32WBxx_HAL_Driver/Src/stm32wbxx_hal_uart.o
 .ARM.attributes
                0x000000000000051f       0x34 ./Drivers/STM32WBxx_HAL_Driver/Src/stm32wbxx_hal_uart_ex.o
 .ARM.attributes
                0x0000000000000553       0x34 ./Middlewares/ST/STM32_WPAN/ble/core/auto/ble_gap_aci.o
 .ARM.attributes
                0x0000000000000587       0x34 ./Middlewares/ST/STM32_WPAN/ble/core/auto/ble_gatt_aci.o
 .ARM.attributes
                0x00000000000005bb       0x34 ./Middlewares/ST/STM32_WPAN/ble/core/auto/ble_hal_aci.o
 .ARM.attributes
                0x00000000000005ef       0x34 ./Middlewares/ST/STM32_WPAN/ble/core/auto/ble_hci_le.o
 .ARM.attributes
                0x0000000000000623       0x34 ./Middlewares/ST/STM32_WPAN/ble/core/template/osal.o
 .ARM.attributes
                0x0000000000000657       0x34 ./Middlewares/ST/STM32_WPAN/ble/svc/Src/svc_ctl.o
 .ARM.attributes
                0x000000000000068b       0x34 ./Middlewares/ST/STM32_WPAN/interface/patterns/ble_thread/shci/shci.o
 .ARM.attributes
                0x00000000000006bf       0x34 ./Middlewares/ST/STM32_WPAN/interface/patterns/ble_thread/tl/hci_tl.o
 .ARM.attributes
                0x00000000000006f3       0x34 ./Middlewares/ST/STM32_WPAN/interface/patterns/ble_thread/tl/hci_tl_if.o
 .ARM.attributes
                0x0000000000000727       0x34 ./Middlewares/ST/STM32_WPAN/interface/patterns/ble_thread/tl/shci_tl.o
 .ARM.attributes
                0x000000000000075b       0x34 ./Middlewares/ST/STM32_WPAN/interface/patterns/ble_thread/tl/shci_tl_if.o
 .ARM.attributes
                0x000000000000078f       0x34 ./Middlewares/ST/STM32_WPAN/interface/patterns/ble_thread/tl/tl_mbox.o
 .ARM.attributes
                0x00000000000007c3       0x34 ./Middlewares/ST/STM32_WPAN/utilities/otp.o
 .ARM.attributes
                0x00000000000007f7       0x34 ./Middlewares/ST/STM32_WPAN/utilities/stm_list.o
 .ARM.attributes
                0x000000000000082b       0x34 ./STM32_WPAN/App/app_ble.o
 .ARM.attributes
                0x000000000000085f       0x34 ./STM32_WPAN/App/custom_app.o
 .ARM.attributes
                0x0000000000000893       0x34 ./STM32_WPAN/App/custom_stm.o
 .ARM.attributes
                0x00000000000008c7       0x34 ./STM32_WPAN/Target/hw_ipcc.o
 .ARM.attributes
                0x00000000000008fb       0x34 ./Utilities/lpm/tiny_lpm/stm32_lpm.o
 .ARM.attributes
                0x000000000000092f       0x34 ./Utilities/sequencer/stm32_seq.o
 .ARM.attributes
                0x0000000000000963       0x34 c:/st/stm32cubeide_1.12.1/stm32cubeide/plugins/com.st.stm32cube.ide.mcu.externaltools.gnu-tools-for-stm32.10.3-2021.10.win32_1.0.200.202301161003/tools/bin/../lib/gcc/arm-none-eabi/10.3.1/../../../../arm-none-eabi/lib/thumb/v7e-m+fp/hard\libc_nano.a(lib_a-init.o)
 .ARM.attributes
                0x0000000000000997       0x34 c:/st/stm32cubeide_1.12.1/stm32cubeide/plugins/com.st.stm32cube.ide.mcu.externaltools.gnu-tools-for-stm32.10.3-2021.10.win32_1.0.200.202301161003/tools/bin/../lib/gcc/arm-none-eabi/10.3.1/../../../../arm-none-eabi/lib/thumb/v7e-m+fp/hard\libc_nano.a(lib_a-memcpy-stub.o)
 .ARM.attributes
                0x00000000000009cb       0x34 c:/st/stm32cubeide_1.12.1/stm32cubeide/plugins/com.st.stm32cube.ide.mcu.externaltools.gnu-tools-for-stm32.10.3-2021.10.win32_1.0.200.202301161003/tools/bin/../lib/gcc/arm-none-eabi/10.3.1/../../../../arm-none-eabi/lib/thumb/v7e-m+fp/hard\libc_nano.a(lib_a-memset.o)
 .ARM.attributes
                0x00000000000009ff       0x1e c:/st/stm32cubeide_1.12.1/stm32cubeide/plugins/com.st.stm32cube.ide.mcu.externaltools.gnu-tools-for-stm32.10.3-2021.10.win32_1.0.200.202301161003/tools/bin/../lib/gcc/arm-none-eabi/10.3.1/thumb/v7e-m+fp/hard/crtn.o

MAPPING_TABLE   0x0000000020030000       0x28
 *(MAPPING_TABLE)
 MAPPING_TABLE  0x0000000020030000       0x28 ./Middlewares/ST/STM32_WPAN/interface/patterns/ble_thread/tl/tl_mbox.o

MB_MEM1         0x0000000020030028      0x1bb
 *(MB_MEM1)
 MB_MEM1        0x0000000020030028       0xb0 ./Middlewares/ST/STM32_WPAN/interface/patterns/ble_thread/tl/tl_mbox.o
 MB_MEM1        0x00000000200300d8      0x10b ./STM32_WPAN/App/app_ble.o
                0x00000000080061ea                _siMB_MEM2 = LOADADDR (.MB_MEM2)

.MB_MEM2        0x00000000200301e3        0x0 load address 0x00000000080061ea
                0x00000000200301e3                _sMB_MEM2 = .
 *(.MB_MEM2)
                0x00000000200301e3                _eMB_MEM2 = .
OUTPUT(EMS.elf elf32-littlearm)
LOAD linker stubs
LOAD c:/st/stm32cubeide_1.12.1/stm32cubeide/plugins/com.st.stm32cube.ide.mcu.externaltools.gnu-tools-for-stm32.10.3-2021.10.win32_1.0.200.202301161003/tools/bin/../lib/gcc/arm-none-eabi/10.3.1/../../../../arm-none-eabi/lib/thumb/v7e-m+fp/hard\libc.a
LOAD c:/st/stm32cubeide_1.12.1/stm32cubeide/plugins/com.st.stm32cube.ide.mcu.externaltools.gnu-tools-for-stm32.10.3-2021.10.win32_1.0.200.202301161003/tools/bin/../lib/gcc/arm-none-eabi/10.3.1/../../../../arm-none-eabi/lib/thumb/v7e-m+fp/hard\libm.a
LOAD c:/st/stm32cubeide_1.12.1/stm32cubeide/plugins/com.st.stm32cube.ide.mcu.externaltools.gnu-tools-for-stm32.10.3-2021.10.win32_1.0.200.202301161003/tools/bin/../lib/gcc/arm-none-eabi/10.3.1/thumb/v7e-m+fp/hard\libgcc.a

.comment        0x0000000000000000       0x50
 .comment       0x0000000000000000       0x50 ./Core/Src/app_debug.o
                                         0x51 (size before relaxing)
 .comment       0x0000000000000050       0x51 ./Core/Src/app_entry.o
 .comment       0x0000000000000050       0x51 ./Core/Src/hw_timerserver.o
 .comment       0x0000000000000050       0x51 ./Core/Src/main.o
 .comment       0x0000000000000050       0x51 ./Core/Src/stm32wbxx_hal_msp.o
 .comment       0x0000000000000050       0x51 ./Core/Src/stm32wbxx_it.o
 .comment       0x0000000000000050       0x51 ./Core/Src/system_stm32wbxx.o
 .comment       0x0000000000000050       0x51 ./Drivers/CAN_SPI_MCP2515/CAN_TxRx.o
 .comment       0x0000000000000050       0x51 ./Drivers/CAN_SPI_MCP2515/mcp2515.o
 .comment       0x0000000000000050       0x51 ./Drivers/STM32WBxx_HAL_Driver/Src/stm32wbxx_hal.o
 .comment       0x0000000000000050       0x51 ./Drivers/STM32WBxx_HAL_Driver/Src/stm32wbxx_hal_cortex.o
 .comment       0x0000000000000050       0x51 ./Drivers/STM32WBxx_HAL_Driver/Src/stm32wbxx_hal_dma.o
 .comment       0x0000000000000050       0x51 ./Drivers/STM32WBxx_HAL_Driver/Src/stm32wbxx_hal_gpio.o
 .comment       0x0000000000000050       0x51 ./Drivers/STM32WBxx_HAL_Driver/Src/stm32wbxx_hal_hsem.o
 .comment       0x0000000000000050       0x51 ./Drivers/STM32WBxx_HAL_Driver/Src/stm32wbxx_hal_ipcc.o
 .comment       0x0000000000000050       0x51 ./Drivers/STM32WBxx_HAL_Driver/Src/stm32wbxx_hal_pwr.o
 .comment       0x0000000000000050       0x51 ./Drivers/STM32WBxx_HAL_Driver/Src/stm32wbxx_hal_pwr_ex.o
 .comment       0x0000000000000050       0x51 ./Drivers/STM32WBxx_HAL_Driver/Src/stm32wbxx_hal_rcc.o
 .comment       0x0000000000000050       0x51 ./Drivers/STM32WBxx_HAL_Driver/Src/stm32wbxx_hal_rcc_ex.o
 .comment       0x0000000000000050       0x51 ./Drivers/STM32WBxx_HAL_Driver/Src/stm32wbxx_hal_rtc.o
 .comment       0x0000000000000050       0x51 ./Drivers/STM32WBxx_HAL_Driver/Src/stm32wbxx_hal_rtc_ex.o
 .comment       0x0000000000000050       0x51 ./Drivers/STM32WBxx_HAL_Driver/Src/stm32wbxx_hal_spi.o
 .comment       0x0000000000000050       0x51 ./Drivers/STM32WBxx_HAL_Driver/Src/stm32wbxx_hal_uart.o
 .comment       0x0000000000000050       0x51 ./Drivers/STM32WBxx_HAL_Driver/Src/stm32wbxx_hal_uart_ex.o
 .comment       0x0000000000000050       0x51 ./Middlewares/ST/STM32_WPAN/ble/core/auto/ble_gap_aci.o
 .comment       0x0000000000000050       0x51 ./Middlewares/ST/STM32_WPAN/ble/core/auto/ble_gatt_aci.o
 .comment       0x0000000000000050       0x51 ./Middlewares/ST/STM32_WPAN/ble/core/auto/ble_hal_aci.o
 .comment       0x0000000000000050       0x51 ./Middlewares/ST/STM32_WPAN/ble/core/auto/ble_hci_le.o
 .comment       0x0000000000000050       0x51 ./Middlewares/ST/STM32_WPAN/ble/core/template/osal.o
 .comment       0x0000000000000050       0x51 ./Middlewares/ST/STM32_WPAN/ble/svc/Src/svc_ctl.o
 .comment       0x0000000000000050       0x51 ./Middlewares/ST/STM32_WPAN/interface/patterns/ble_thread/shci/shci.o
 .comment       0x0000000000000050       0x51 ./Middlewares/ST/STM32_WPAN/interface/patterns/ble_thread/tl/hci_tl.o
 .comment       0x0000000000000050       0x51 ./Middlewares/ST/STM32_WPAN/interface/patterns/ble_thread/tl/hci_tl_if.o
 .comment       0x0000000000000050       0x51 ./Middlewares/ST/STM32_WPAN/interface/patterns/ble_thread/tl/shci_tl.o
 .comment       0x0000000000000050       0x51 ./Middlewares/ST/STM32_WPAN/interface/patterns/ble_thread/tl/shci_tl_if.o
 .comment       0x0000000000000050       0x51 ./Middlewares/ST/STM32_WPAN/interface/patterns/ble_thread/tl/tl_mbox.o
 .comment       0x0000000000000050       0x51 ./Middlewares/ST/STM32_WPAN/utilities/otp.o
 .comment       0x0000000000000050       0x51 ./Middlewares/ST/STM32_WPAN/utilities/stm_list.o
 .comment       0x0000000000000050       0x51 ./STM32_WPAN/App/app_ble.o
 .comment       0x0000000000000050       0x51 ./STM32_WPAN/App/custom_app.o
 .comment       0x0000000000000050       0x51 ./STM32_WPAN/App/custom_stm.o
 .comment       0x0000000000000050       0x51 ./STM32_WPAN/Target/hw_ipcc.o
 .comment       0x0000000000000050       0x51 ./Utilities/lpm/tiny_lpm/stm32_lpm.o
 .comment       0x0000000000000050       0x51 ./Utilities/sequencer/stm32_seq.o

.debug_frame    0x0000000000000000       0x74
 .debug_frame   0x0000000000000000       0x2c c:/st/stm32cubeide_1.12.1/stm32cubeide/plugins/com.st.stm32cube.ide.mcu.externaltools.gnu-tools-for-stm32.10.3-2021.10.win32_1.0.200.202301161003/tools/bin/../lib/gcc/arm-none-eabi/10.3.1/../../../../arm-none-eabi/lib/thumb/v7e-m+fp/hard\libc_nano.a(lib_a-init.o)
 .debug_frame   0x000000000000002c       0x28 c:/st/stm32cubeide_1.12.1/stm32cubeide/plugins/com.st.stm32cube.ide.mcu.externaltools.gnu-tools-for-stm32.10.3-2021.10.win32_1.0.200.202301161003/tools/bin/../lib/gcc/arm-none-eabi/10.3.1/../../../../arm-none-eabi/lib/thumb/v7e-m+fp/hard\libc_nano.a(lib_a-memcpy-stub.o)